sources/driver/Adafruit_ssd1306syp/Adafruit_GFX.cpp:214:6:virtual void Adafruit_GFX::drawLine(int16_t, int16_t, int16_t, int16_t, uint16_t)	56	static
sources/driver/Adafruit_ssd1306syp/Adafruit_GFX.cpp:256:6:virtual void Adafruit_GFX::drawRect(int16_t, int16_t, int16_t, int16_t, uint16_t)	40	static
sources/driver/Adafruit_ssd1306syp/Adafruit_GFX.cpp:265:6:virtual void Adafruit_GFX::drawFastVLine(int16_t, int16_t, int16_t, uint16_t)	24	static
sources/driver/Adafruit_ssd1306syp/Adafruit_GFX.cpp:271:6:virtual void Adafruit_GFX::drawFastHLine(int16_t, int16_t, int16_t, uint16_t)	24	static
sources/driver/Adafruit_ssd1306syp/Adafruit_GFX.cpp:277:6:virtual void Adafruit_GFX::fillRect(int16_t, int16_t, int16_t, int16_t, uint16_t)	40	static
sources/driver/Adafruit_ssd1306syp/Adafruit_GFX.cpp:285:6:virtual void Adafruit_GFX::fillScreen(uint16_t)	16	static
sources/driver/Adafruit_ssd1306syp/Adafruit_GFX.cpp:42:6:void Adafruit_GFX::drawMoon(int16_t, int16_t, int16_t, uint16_t)	96	static
sources/driver/Adafruit_ssd1306syp/Adafruit_GFX.cpp:88:1:Adafruit_GFX::Adafruit_GFX(int16_t, int16_t)	12	static
sources/driver/Adafruit_ssd1306syp/Adafruit_GFX.cpp:101:6:void Adafruit_GFX::drawCircle(int16_t, int16_t, int16_t, uint16_t)	64	static
sources/driver/Adafruit_ssd1306syp/Adafruit_GFX.cpp:135:6:void Adafruit_GFX::drawCircleHelper(int16_t, int16_t, int16_t, uint8_t, uint16_t)	64	static
sources/driver/Adafruit_ssd1306syp/Adafruit_GFX.cpp:178:6:void Adafruit_GFX::fillCircleHelper(int16_t, int16_t, int16_t, uint8_t, int16_t, uint16_t)	80	static
sources/driver/Adafruit_ssd1306syp/Adafruit_GFX.cpp:171:6:void Adafruit_GFX::fillCircle(int16_t, int16_t, int16_t, uint16_t)	48	static
sources/driver/Adafruit_ssd1306syp/Adafruit_GFX.cpp:70:6:void Adafruit_GFX::drawSun(int16_t, int16_t, int16_t, uint16_t)	56	static
sources/driver/Adafruit_ssd1306syp/Adafruit_GFX.cpp:290:6:void Adafruit_GFX::drawRoundRect(int16_t, int16_t, int16_t, int16_t, int16_t, uint16_t)	72	static
sources/driver/Adafruit_ssd1306syp/Adafruit_GFX.cpp:305:6:void Adafruit_GFX::fillRoundRect(int16_t, int16_t, int16_t, int16_t, int16_t, uint16_t)	64	static
sources/driver/Adafruit_ssd1306syp/Adafruit_GFX.cpp:316:6:void Adafruit_GFX::drawTriangle(int16_t, int16_t, int16_t, int16_t, int16_t, int16_t, uint16_t)	56	static
sources/driver/Adafruit_ssd1306syp/Adafruit_GFX.cpp:325:6:void Adafruit_GFX::fillTriangle(int16_t, int16_t, int16_t, int16_t, int16_t, int16_t, uint16_t)	88	static
sources/driver/Adafruit_ssd1306syp/Adafruit_GFX.cpp:402:6:void Adafruit_GFX::drawBitmap(int16_t, int16_t, const uint8_t*, int16_t, int16_t, uint16_t)	64	static
sources/driver/Adafruit_ssd1306syp/Adafruit_GFX.cpp:436:6:void Adafruit_GFX::drawChar(int16_t, int16_t, unsigned char, uint16_t, uint16_t, uint8_t)	88	static
sources/driver/Adafruit_ssd1306syp/Adafruit_GFX.cpp:418:8:virtual size_t Adafruit_GFX::write(uint8_t)	24	static
sources/driver/Adafruit_ssd1306syp/Adafruit_GFX.cpp:470:6:void Adafruit_GFX::setCursor(int16_t, int16_t)	0	static
sources/driver/Adafruit_ssd1306syp/Adafruit_GFX.cpp:475:6:void Adafruit_GFX::setTextSize(uint8_t)	0	static
sources/driver/Adafruit_ssd1306syp/Adafruit_GFX.cpp:479:6:void Adafruit_GFX::setTextColor(uint16_t)	0	static
sources/driver/Adafruit_ssd1306syp/Adafruit_GFX.cpp:485:6:void Adafruit_GFX::setTextColor(uint16_t, uint16_t)	0	static
sources/driver/Adafruit_ssd1306syp/Adafruit_GFX.cpp:490:6:void Adafruit_GFX::setTextWrap(bool)	0	static
sources/driver/Adafruit_ssd1306syp/Adafruit_GFX.cpp:494:9:uint8_t Adafruit_GFX::getRotation()	0	static
sources/driver/Adafruit_ssd1306syp/Adafruit_GFX.cpp:498:6:void Adafruit_GFX::setRotation(uint8_t)	0	static
sources/driver/Adafruit_ssd1306syp/Adafruit_GFX.cpp:515:9:int16_t Adafruit_GFX::width()	0	static
sources/driver/Adafruit_ssd1306syp/Adafruit_GFX.cpp:519:9:int16_t Adafruit_GFX::height()	0	static
