sources/app/game/dungeon_game/dungeon_state.cpp:14:13:void dungeon_state_setup()	0	static
sources/app/game/dungeon_game/dungeon_state.cpp:23:9:uint8_t dungeon_count_active_meteoroids()	0	static
sources/app/game/dungeon_game/dungeon_state.cpp:27:6:void dungeon_state_reset_meteoroids()	0	static
sources/app/game/dungeon_game/dungeon_state.cpp:35:6:void dungeon_process_action_hit(int16_t, int16_t, uint8_t)	0	static
sources/app/game/dungeon_game/dungeon_state.cpp:45:6:void dungeon_state_handle(ak_msg_t*)	8	static
