Archive member included to satisfy reference by file (symbol)

/usr/lib/gcc/arm-none-eabi/13.2.1/../../../arm-none-eabi/lib/thumb/v7-m/nofp/libc.a(libc_a-strncpy.o)
                              build_dungeon-game/WString.o (strncpy)
/usr/lib/gcc/arm-none-eabi/13.2.1/../../../arm-none-eabi/lib/thumb/v7-m/nofp/libc.a(libc_a-toupper.o)
                              build_dungeon-game/WString.o (toupper)
/usr/lib/gcc/arm-none-eabi/13.2.1/../../../arm-none-eabi/lib/thumb/v7-m/nofp/libc.a(libc_a-rand.o)
                              build_dungeon-game/WMath.o (srand)
/usr/lib/gcc/arm-none-eabi/13.2.1/../../../arm-none-eabi/lib/thumb/v7-m/nofp/libc.a(libc_a-memset.o)
                              build_dungeon-game/task.o (memset)
/usr/lib/gcc/arm-none-eabi/13.2.1/../../../arm-none-eabi/lib/thumb/v7-m/nofp/libc.a(libc_a-atol.o)
                              build_dungeon-game/WString.o (atol)
/usr/lib/gcc/arm-none-eabi/13.2.1/../../../arm-none-eabi/lib/thumb/v7-m/nofp/libc.a(libc_a-atof.o)
                              build_dungeon-game/WString.o (atof)
/usr/lib/gcc/arm-none-eabi/13.2.1/../../../arm-none-eabi/lib/thumb/v7-m/nofp/libc.a(libc_a-strtod.o)
                              /usr/lib/gcc/arm-none-eabi/13.2.1/../../../arm-none-eabi/lib/thumb/v7-m/nofp/libc.a(libc_a-atof.o) (strtod)
/usr/lib/gcc/arm-none-eabi/13.2.1/../../../arm-none-eabi/lib/thumb/v7-m/nofp/libc.a(libc_a-locale.o)
                              /usr/lib/gcc/arm-none-eabi/13.2.1/../../../arm-none-eabi/lib/thumb/v7-m/nofp/libc.a(libc_a-strtod.o) (__global_locale)
/usr/lib/gcc/arm-none-eabi/13.2.1/../../../arm-none-eabi/lib/thumb/v7-m/nofp/libc.a(libc_a-strchr.o)
                              build_dungeon-game/WString.o (strchr)
/usr/lib/gcc/arm-none-eabi/13.2.1/../../../arm-none-eabi/lib/thumb/v7-m/nofp/libc.a(libc_a-strcmp.o)
                              build_dungeon-game/cmd_line.o (strcmp)
/usr/lib/gcc/arm-none-eabi/13.2.1/../../../arm-none-eabi/lib/thumb/v7-m/nofp/libc.a(libc_a-gdtoa-gethex.o)
                              /usr/lib/gcc/arm-none-eabi/13.2.1/../../../arm-none-eabi/lib/thumb/v7-m/nofp/libc.a(libc_a-strtod.o) (__gethex)
/usr/lib/gcc/arm-none-eabi/13.2.1/../../../arm-none-eabi/lib/thumb/v7-m/nofp/libc.a(libc_a-strstr.o)
                              build_dungeon-game/WString.o (strstr)
/usr/lib/gcc/arm-none-eabi/13.2.1/../../../arm-none-eabi/lib/thumb/v7-m/nofp/libc.a(libc_a-mbtowc_r.o)
                              /usr/lib/gcc/arm-none-eabi/13.2.1/../../../arm-none-eabi/lib/thumb/v7-m/nofp/libc.a(libc_a-locale.o) (__ascii_mbtowc)
/usr/lib/gcc/arm-none-eabi/13.2.1/../../../arm-none-eabi/lib/thumb/v7-m/nofp/libc.a(libc_a-isspace.o)
                              build_dungeon-game/WString.o (isspace)
/usr/lib/gcc/arm-none-eabi/13.2.1/../../../arm-none-eabi/lib/thumb/v7-m/nofp/libc.a(libc_a-strncmp.o)
                              build_dungeon-game/WString.o (strncmp)
/usr/lib/gcc/arm-none-eabi/13.2.1/../../../arm-none-eabi/lib/thumb/v7-m/nofp/libc.a(libc_a-tolower.o)
                              build_dungeon-game/WString.o (tolower)
/usr/lib/gcc/arm-none-eabi/13.2.1/../../../arm-none-eabi/lib/thumb/v7-m/nofp/libc.a(libc_a-memmove.o)
                              build_dungeon-game/WString.o (memmove)
/usr/lib/gcc/arm-none-eabi/13.2.1/../../../arm-none-eabi/lib/thumb/v7-m/nofp/libc.a(libc_a-errno.o)
                              build_dungeon-game/syscalls.o (__errno)
/usr/lib/gcc/arm-none-eabi/13.2.1/../../../arm-none-eabi/lib/thumb/v7-m/nofp/libc.a(libc_a-impure.o)
                              /usr/lib/gcc/arm-none-eabi/13.2.1/../../../arm-none-eabi/lib/thumb/v7-m/nofp/libc.a(libc_a-rand.o) (_impure_ptr)
/usr/lib/gcc/arm-none-eabi/13.2.1/../../../arm-none-eabi/lib/thumb/v7-m/nofp/libc.a(libc_a-realloc.o)
                              build_dungeon-game/WString.o (realloc)
/usr/lib/gcc/arm-none-eabi/13.2.1/../../../arm-none-eabi/lib/thumb/v7-m/nofp/libc.a(libc_a-strcat.o)
                              build_dungeon-game/dtostrf.o (strcat)
/usr/lib/gcc/arm-none-eabi/13.2.1/../../../arm-none-eabi/lib/thumb/v7-m/nofp/libc.a(libc_a-memcmp.o)
                              build_dungeon-game/task_fw.o (memcmp)
/usr/lib/gcc/arm-none-eabi/13.2.1/../../../arm-none-eabi/lib/thumb/v7-m/nofp/libc.a(libc_a-strtol.o)
                              /usr/lib/gcc/arm-none-eabi/13.2.1/../../../arm-none-eabi/lib/thumb/v7-m/nofp/libc.a(libc_a-atol.o) (_strtol_r)
/usr/lib/gcc/arm-none-eabi/13.2.1/../../../arm-none-eabi/lib/thumb/v7-m/nofp/libc.a(libc_a-wctomb_r.o)
                              /usr/lib/gcc/arm-none-eabi/13.2.1/../../../arm-none-eabi/lib/thumb/v7-m/nofp/libc.a(libc_a-locale.o) (__ascii_wctomb)
/usr/lib/gcc/arm-none-eabi/13.2.1/../../../arm-none-eabi/lib/thumb/v7-m/nofp/libc.a(libc_a-strrchr.o)
                              build_dungeon-game/WString.o (strrchr)
/usr/lib/gcc/arm-none-eabi/13.2.1/../../../arm-none-eabi/lib/thumb/v7-m/nofp/libc.a(libc_a-snprintf.o)
[...]
Memory Configuration

Name             Origin             Length             Attributes
BSF              0x08002000         0x00001000         xr
FLASH            0x08003000         0x0001d000         xr
SRAM             0x20000000         0x00004000         xrw
*default*        0x00000000         0xffffffff

Linker script and memory map

                0x00000800                        HEAP_SIZE = 0x800

.start_boot_share_data_flash
                0x08002000        0x0
                0x08002000                        _start_boot_share_data_flash = .

.start_flash    0x08003000        0x0
                0x08003000                        _start_flash = .

.isr_vector     0x08003000       0xf4
                0x08003000                        _isr_vector = .
 *(.isr_vector)
 .isr_vector    0x08003000       0xf4 build_dungeon-game/system.o
                0x08003000                isr_vector
                0x080030f4                        . = ALIGN (0x4)

.text           0x080030f8    0x13624
                0x080030f8                        . = ALIGN (0x4)
 *(.text)
 .text          0x080030f8       0x48 /usr/lib/gcc/arm-none-eabi/13.2.1/../../../arm-none-eabi/lib/thumb/v7-m/nofp/libc.a(libc_a-rand.o)
                0x080030f8                srand
                0x08003108                rand
 .text          0x08003140       0xa0 /usr/lib/gcc/arm-none-eabi/13.2.1/../../../arm-none-eabi/lib/thumb/v7-m/nofp/libc.a(libc_a-memset.o)
                0x08003140                memset
 .text          0x080031e0      0x1bc /usr/lib/gcc/arm-none-eabi/13.2.1/../../../arm-none-eabi/lib/thumb/v7-m/nofp/libc.a(libc_a-strcmp.o)
                0x080031e0                strcmp
 .text          0x0800339c       0x40 /usr/lib/gcc/arm-none-eabi/13.2.1/../../../arm-none-eabi/lib/thumb/v7-m/nofp/libc.a(libc_a-mbtowc_r.o)
                0x0800339c                _mbtowc_r
                0x080033b0                __ascii_mbtowc
 .text          0x080033dc       0xfc /usr/lib/gcc/arm-none-eabi/13.2.1/../../../arm-none-eabi/lib/thumb/v7-m/nofp/libc.a(libc_a-memmove.o)
                0x080033dc                memmove
 .text          0x080034d8        0xc /usr/lib/gcc/arm-none-eabi/13.2.1/../../../arm-none-eabi/lib/thumb/v7-m/nofp/libc.a(libc_a-errno.o)
                0x080034d8                __errno
 .text          0x080034e4       0x5c /usr/lib/gcc/arm-none-eabi/13.2.1/../../../arm-none-eabi/lib/thumb/v7-m/nofp/libc.a(libc_a-memcmp.o)
                0x080034e4                memcmp
 .text          0x08003540      0x174 /usr/lib/gcc/arm-none-eabi/13.2.1/../../../arm-none-eabi/lib/thumb/v7-m/nofp/libc.a(libc_a-strtol.o)
                0x08003678                _strtol_r
                0x0800367c                strtol_l
                0x08003698                strtol
 .text          0x080036b4       0x30 /usr/lib/gcc/arm-none-eabi/13.2.1/../../../arm-none-eabi/lib/thumb/v7-m/nofp/libc.a(libc_a-wctomb_r.o)
                0x080036b4                _wctomb_r
                0x080036c8                __ascii_wctomb
 .text          0x080036e4      0x10c /usr/lib/gcc/arm-none-eabi/13.2.1/../../../arm-none-eabi/lib/thumb/v7-m/nofp/libc.a(libc_a-snprintf.o)
                0x080036e4                _snprintf_r
                0x08003764                snprintf
 .text          0x080037f0       0x20 /usr/lib/gcc/arm-none-eabi/13.2.1/../../../arm-none-eabi/lib/thumb/v7-m/nofp/libc.a(libc_a-malloc.o)
                0x080037f0                malloc
                0x08003800                free
 .text          0x08003810       0xec /usr/lib/gcc/arm-none-eabi/13.2.1/../../../arm-none-eabi/lib/thumb/v7-m/nofp/libc.a(libc_a-memcpy.o)
                0x08003810                memcpy
 .text          0x080038fc      0x34c /usr/lib/gcc/arm-none-eabi/13.2.1/../../../arm-none-eabi/lib/thumb/v7-m/nofp/libc.a(libc_a-reallocr.o)
                0x080038fc                _realloc_r
 .text          0x08003c48        0x8 /usr/lib/gcc/arm-none-eabi/13.2.1/../../../arm-none-eabi/lib/thumb/v7-m/nofp/libc.a(libc_a-mlock.o)
                0x08003c48                __malloc_lock
                0x08003c4c                __malloc_unlock
 .text          0x08003c50      0x224 /usr/lib/gcc/arm-none-eabi/13.2.1/../../../arm-none-eabi/lib/thumb/v7-m/nofp/libc.a(libc_a-findfp.o)
                0x08003d80                __sfp
                0x08003e24                __sinit
                0x08003e44                __sfp_lock_acquire
                0x08003e48                __sfp_lock_release
                0x08003e4c                __fp_lock_all
                0x08003e60                __fp_unlock_all
 .text          0x08003e74       0x5c /usr/lib/gcc/arm-none-eabi/13.2.1/../../../arm-none-eabi/lib/thumb/v7-m/nofp/libc.a(libc_a-strlen-stub.o)
                0x08003e74                strlen
 .text          0x08003ed0       0xbc /usr/lib/gcc/arm-none-eabi/13.2.1/../../../arm-none-eabi/lib/thumb/v7-m/nofp/libc.a(libc_a-strcpy.o)
                0x08003ed0                strcpy
 .text          0x08003f8c       0x4c /usr/lib/gcc/arm-none-eabi/13.2.1/../../../arm-none-eabi/lib/thumb/v7-m/nofp/libc.a(libc_a-assert.o)
                0x08003f8c                __assert_func
                0x08003fcc                __assert
 .text          0x08003fd8      0xa78 /usr/lib/gcc/arm-none-eabi/13.2.1/../../../arm-none-eabi/lib/thumb/v7-m/nofp/libc.a(libc_a-mprec.o)
                0x08003fd8                _Balloc
                0x08004024                _Bfree
                0x08004038                __multadd
                0x080040dc                __s2b
                0x0800418c                __hi0bits
                0x080041d0                __lo0bits
                0x0800422c                __i2b
                0x08004288                __multiply
                0x080043ec                __pow5mult
                0x080044a0                __lshift
                0x0800458c                __mcmp
                0x080045cc                __mdiff
                0x08004744                __ulp
                0x08004794                __b2d
                0x08004848                __d2b
                0x08004904                __ratio
                0x08004960                _mprec_log10
                0x08004998                __copybits
                0x080049f8                __any_on
 .text          0x08004a50       0x44 /usr/lib/gcc/arm-none-eabi/13.2.1/../../../arm-none-eabi/lib/thumb/v7-m/nofp/libc.a(libc_a-fwalk.o)
                0x08004a50                _fwalk_sglue
 .text          0x08004a94     0x1410 /usr/lib/gcc/arm-none-eabi/13.2.1/../../../arm-none-eabi/lib/thumb/v7-m/nofp/libc.a(libc_a-svfprintf.o)
                0x08004a94                _svfprintf_r
 .text          0x08005ea4       0x10 /usr/lib/gcc/arm-none-eabi/13.2.1/../../../arm-none-eabi/lib/thumb/v7-m/nofp/libc.a(libc_a-abort.o)
                0x08005ea4                abort
 .text          0x08005eb4       0x6c /usr/lib/gcc/arm-none-eabi/13.2.1/../../../arm-none-eabi/lib/thumb/v7-m/nofp/libc.a(libc_a-callocr.o)
                0x08005eb4                _calloc_r
 .text          0x08005f20       0x44 /usr/lib/gcc/arm-none-eabi/13.2.1/../../../arm-none-eabi/lib/thumb/v7-m/nofp/libc.a(libc_a-fiprintf.o)
                0x08005f20                _fiprintf_r
                0x08005f3c                fiprintf
 .text          0x08005f64      0x55c /usr/lib/gcc/arm-none-eabi/13.2.1/../../../arm-none-eabi/lib/thumb/v7-m/nofp/libc.a(libc_a-mallocr.o)
                0x08005f64                _malloc_r
 .text          0x080064c0      0xfd4 /usr/lib/gcc/arm-none-eabi/13.2.1/../../../arm-none-eabi/lib/thumb/v7-m/nofp/libc.a(libc_a-dtoa.o)
                0x080065fc                _dtoa_r
 .text          0x08007494      0x2b0 /usr/lib/gcc/arm-none-eabi/13.2.1/../../../arm-none-eabi/lib/thumb/v7-m/nofp/libc.a(libc_a-freer.o)
                0x08007494                _malloc_trim_r
                0x0800754c                _free_r
 .text          0x08007744       0x90 /usr/lib/gcc/arm-none-eabi/13.2.1/../../../arm-none-eabi/lib/thumb/v7-m/nofp/libc.a(libc_a-fclose.o)
                0x08007744                _fclose_r
                0x080077c4                fclose
 .text          0x080077d4       0x1c /usr/lib/gcc/arm-none-eabi/13.2.1/../../../arm-none-eabi/lib/thumb/v7-m/nofp/libc.a(libc_a-sysconf.o)
                0x080077d4                sysconf
 .text          0x080077f0       0x94 /usr/lib/gcc/arm-none-eabi/13.2.1/../../../arm-none-eabi/lib/thumb/v7-m/nofp/libc.a(libc_a-stdio.o)
                0x080077f0                __sread
                0x08007814                __seofread
                0x08007818                __swrite
                0x08007858                __sseek
                0x0800787c                __sclose
 .text          0x08007884       0x2c /usr/lib/gcc/arm-none-eabi/13.2.1/../../../arm-none-eabi/lib/thumb/v7-m/nofp/libc.a(libc_a-writer.o)
                0x08007884                _write_r
 .text          0x080078b0       0x58 /usr/lib/gcc/arm-none-eabi/13.2.1/../../../arm-none-eabi/lib/thumb/v7-m/nofp/libc.a(libc_a-ssprint_r.o)
                0x080078b0                __ssprint_r
 .text          0x08007908       0x24 /usr/lib/gcc/arm-none-eabi/13.2.1/../../../arm-none-eabi/lib/thumb/v7-m/nofp/libc.a(libc_a-sbrkr.o)
                0x08007908                _sbrk_r
 .text          0x0800792c       0x24 /usr/lib/gcc/arm-none-eabi/13.2.1/../../../arm-none-eabi/lib/thumb/v7-m/nofp/libc.a(libc_a-closer.o)
                0x0800792c                _close_r
 .text          0x08007950      0x284 /usr/lib/gcc/arm-none-eabi/13.2.1/../../../arm-none-eabi/lib/thumb/v7-m/nofp/libc.a(libc_a-signal.o)
                0x08007950                _init_signal_r
                0x08007980                _signal_r
                0x080079d0                _raise_r
                0x08007a24                __sigtramp_r
                0x08007a8c                raise
                0x08007ae4                signal
                0x08007b34                _init_signal
                0x08007b6c                __sigtramp
 .text          0x08007bd4       0x98 /usr/lib/gcc/arm-none-eabi/13.2.1/../../../arm-none-eabi/lib/thumb/v7-m/nofp/libc.a(libc_a-memchr-stub.o)
                0x08007bd4                memchr
 .text          0x08007c6c       0x14 /usr/lib/gcc/arm-none-eabi/13.2.1/../../../arm-none-eabi/lib/thumb/v7-m/nofp/libc.a(libc_a-localeconv.o)
                0x08007c6c                __localeconv_l
                0x08007c70                _localeconv_r
                0x08007c78                localeconv
 .text          0x08007c80       0x2c /usr/lib/gcc/arm-none-eabi/13.2.1/../../../arm-none-eabi/lib/thumb/v7-m/nofp/libc.a(libc_a-signalr.o)
                0x08007c80                _kill_r
                0x08007ca8                _getpid_r
 .text          0x08007cac      0x19c /usr/lib/gcc/arm-none-eabi/13.2.1/../../../arm-none-eabi/lib/thumb/v7-m/nofp/libc.a(libc_a-fflush.o)
                0x08007cac                __sflush_r
                0x08007dd4                _fflush_r
                0x08007e00                fflush
 .text          0x08007e48      0xb50 /usr/lib/gcc/arm-none-eabi/13.2.1/../../../arm-none-eabi/lib/thumb/v7-m/nofp/libc.a(libc_a-vfiprintf.o)
                0x08007e48                _vfiprintf_r
                0x08008910                vfiprintf
 .text          0x08008998       0xc0 /usr/lib/gcc/arm-none-eabi/13.2.1/../../../arm-none-eabi/lib/thumb/v7-m/nofp/libc.a(libc_a-ssputs_r.o)
                0x08008998                __ssputs_r
 .text          0x08008a58       0x2c /usr/lib/gcc/arm-none-eabi/13.2.1/../../../arm-none-eabi/lib/thumb/v7-m/nofp/libc.a(libc_a-readr.o)
                0x08008a58                _read_r
 .text          0x08008a84       0xc4 /usr/lib/gcc/arm-none-eabi/13.2.1/../../../arm-none-eabi/lib/thumb/v7-m/nofp/libc.a(libc_a-wsetup.o)
                0x08008a84                __swsetup_r
 .text          0x08008b48       0x2c /usr/lib/gcc/arm-none-eabi/13.2.1/../../../arm-none-eabi/lib/thumb/v7-m/nofp/libc.a(libc_a-lseekr.o)
                0x08008b48                _lseek_r
 .text          0x08008b74       0x20 /usr/lib/gcc/arm-none-eabi/13.2.1/../../../arm-none-eabi/lib/thumb/v7-m/nofp/libc.a(libc_a-sprint_r.o)
                0x08008b74                __sprint_r
 .text          0x08008b94      0x13c /usr/lib/gcc/arm-none-eabi/13.2.1/../../../arm-none-eabi/lib/thumb/v7-m/nofp/libc.a(libc_a-makebuf.o)
                0x08008b94                __smakebuf_r
                0x08008c70                __swhatbuf_r
 .text          0x08008cd0       0x28 /usr/lib/gcc/arm-none-eabi/13.2.1/../../../arm-none-eabi/lib/thumb/v7-m/nofp/libc.a(libc_a-fstatr.o)
                0x08008cd0                _fstat_r
 .text          0x08008cf8       0x24 /usr/lib/gcc/arm-none-eabi/13.2.1/../../../arm-none-eabi/lib/thumb/v7-m/nofp/libc.a(libc_a-isattyr.o)
                0x08008cf8                _isatty_r
 .text          0x08008d1c      0x2ec /usr/lib/gcc/arm-none-eabi/13.2.1/../../../arm-none-eabi/lib/thumb/v7-m/nofp/libc.a(libc_a-fvwrite.o)
                0x08008d1c                __sfvwrite_r
 .text          0x08009008      0x32c /usr/lib/gcc/arm-none-eabi/13.2.1/../../../arm-none-eabi/lib/thumb/v7-m/nofp/libm.a(libm_a-s_atan.o)
                0x08009008                atan
 .text          0x08009334        0x8 /usr/lib/gcc/arm-none-eabi/13.2.1/../../../arm-none-eabi/lib/thumb/v7-m/nofp/libm.a(libm_a-s_fabs.o)
                0x08009334                fabs
 .text          0x0800933c      0x378 /usr/lib/gcc/arm-none-eabi/13.2.1/thumb/v7-m/nofp/libgcc.a(_arm_addsubdf3.o)
                0x0800933c                __aeabi_drsub
                0x08009344                __aeabi_dsub
                0x08009344                __subdf3
                0x08009348                __adddf3
                0x08009348                __aeabi_dadd
                0x080095c0                __aeabi_ui2d
                0x080095c0                __floatunsidf
                0x080095e0                __floatsidf
                0x080095e0                __aeabi_i2d
                0x08009604                __extendsfdf2
                0x08009604                __aeabi_f2d
                0x08009648                __aeabi_ul2d
                0x08009648                __floatundidf
                0x08009658                __floatdidf
                0x08009658                __aeabi_l2d
 .text          0x080096b4      0x424 /usr/lib/gcc/arm-none-eabi/13.2.1/thumb/v7-m/nofp/libgcc.a(_arm_muldivdf3.o)
                0x080096b4                __aeabi_dmul
                0x080096b4                __muldf3
                0x08009908                __aeabi_ddiv
                0x08009908                __divdf3
 .text          0x08009ad8      0x110 /usr/lib/gcc/arm-none-eabi/13.2.1/thumb/v7-m/nofp/libgcc.a(_arm_cmpdf2.o)
                0x08009ad8                __gtdf2
                0x08009ad8                __gedf2
                0x08009ae0                __ltdf2
                0x08009ae0                __ledf2
                0x08009ae8                __cmpdf2
                0x08009ae8                __eqdf2
                0x08009ae8                __nedf2
                0x08009b64                __aeabi_cdrcmple
                0x08009b74                __aeabi_cdcmple
                0x08009b74                __aeabi_cdcmpeq
                0x08009b84                __aeabi_dcmpeq
                0x08009b98                __aeabi_dcmplt
                0x08009bac                __aeabi_dcmple
                0x08009bc0                __aeabi_dcmpge
                0x08009bd4                __aeabi_dcmpgt
 .text          0x08009be8       0x2c /usr/lib/gcc/arm-none-eabi/13.2.1/thumb/v7-m/nofp/libgcc.a(_arm_unorddf2.o)
                0x08009be8                __aeabi_dcmpun
                0x08009be8                __unorddf2
 .text          0x08009c14       0x50 /usr/lib/gcc/arm-none-eabi/13.2.1/thumb/v7-m/nofp/libgcc.a(_arm_fixdfsi.o)
                0x08009c14                __fixdfsi
                0x08009c14                __aeabi_d2iz
 .text          0x08009c64       0x30 /usr/lib/gcc/arm-none-eabi/13.2.1/thumb/v7-m/nofp/libgcc.a(_aeabi_uldivmod.o)
                0x08009c64                __aeabi_uldivmod
 .text          0x08009c94      0x2b4 /usr/lib/gcc/arm-none-eabi/13.2.1/thumb/v7-m/nofp/libgcc.a(_udivmoddi4.o)
                0x08009c94                __udivmoddi4
 .text          0x08009f48        0x4 /usr/lib/gcc/arm-none-eabi/13.2.1/thumb/v7-m/nofp/libgcc.a(_dvmd_tls.o)
                0x08009f48                __aeabi_ldiv0
                0x08009f48                __aeabi_idiv0
 *(.text*)
 .text.fsm_dispatch
                0x08009f4c        0x6 build_dungeon-game/fsm.o
                0x08009f4c                fsm_dispatch
 *fill*         0x08009f52        0x2 
 .text.task_create
                0x08009f54       0x40 build_dungeon-game/task.o
                0x08009f54                task_create
 .text.task_polling_create
                0x08009f94       0x34 build_dungeon-game/task.o
                0x08009f94                task_polling_create
 .text.task_post
                0x08009fc8       0x84 build_dungeon-game/task.o
                0x08009fc8                task_post
 .text.task_remove_msg
                0x0800a04c       0xc0 build_dungeon-game/task.o
                0x0800a04c                task_remove_msg
 .text.task_post_pure_msg
                0x0800a10c       0x18 build_dungeon-game/task.o
                0x0800a10c                task_post_pure_msg
 .text.task_post_common_msg
                0x0800a124       0x2a build_dungeon-game/task.o
                0x0800a124                task_post_common_msg
 *fill*         0x0800a14e        0x2 
 .text.task_entry_interrupt
                0x0800a150       0x1c build_dungeon-game/task.o
                0x0800a150                task_entry_interrupt
 .text.task_exit_interrupt
                0x0800a16c       0x24 build_dungeon-game/task.o
                0x0800a16c                task_exit_interrupt
 .text.task_init
                0x0800a190       0x40 build_dungeon-game/task.o
                0x0800a190                task_init
 .text.task_polling_run
                0x0800a1d0       0x30 build_dungeon-game/task.o
                0x0800a1d0                task_polling_run
 .text.task_run
                0x0800a200      0x138 build_dungeon-game/task.o
                0x0800a200                task_run
 .text.get_current_task_id
                0x0800a338        0xc build_dungeon-game/task.o
                0x0800a338                get_current_task_id
 .text.get_current_task_info
                0x0800a344        0x8 build_dungeon-game/task.o
                0x0800a344                get_current_task_info
 .text.get_current_active_object
                0x0800a34c        0x8 build_dungeon-game/task.o
                0x0800a34c                get_current_active_object
 .text.timer_remove_msg
                0x0800a354       0x64 build_dungeon-game/timer.o
 .text.task_timer_tick
                0x0800a3b8       0x7c build_dungeon-game/timer.o
                0x0800a3b8                task_timer_tick
 .text.timer_init
                0x0800a434       0x6c build_dungeon-game/timer.o
                0x0800a434                timer_init
 .text.timer_tick
                0x0800a4a0       0x38 build_dungeon-game/timer.o
                0x0800a4a0                timer_tick
 .text.timer_set
                0x0800a4d8       0x9c build_dungeon-game/timer.o
                0x0800a4d8                timer_set
 .text.timer_remove_attr
                0x0800a574       0x18 build_dungeon-game/timer.o
                0x0800a574                timer_remove_attr
 .text.free_common_msg
                0x0800a58c       0x28 build_dungeon-game/message.o
 .text.free_pure_msg
                0x0800a5b4       0x28 build_dungeon-game/message.o
 .text.free_dynamic_msg
                0x0800a5dc       0x30 build_dungeon-game/message.o
 .text.msg_init
                0x0800a60c      0x100 build_dungeon-game/message.o
                0x0800a60c                msg_init
 .text.msg_force_free
                0x0800a70c       0x44 build_dungeon-game/message.o
                0x0800a70c                msg_force_free
 .text.msg_inc_ref_count
                0x0800a750       0x2c build_dungeon-game/message.o
                0x0800a750                msg_inc_ref_count
 .text.msg_dec_ref_count
                0x0800a77c       0x28 build_dungeon-game/message.o
                0x0800a77c                msg_dec_ref_count
 .text.msg_free
                0x0800a7a4       0x58 build_dungeon-game/message.o
                0x0800a7a4                msg_free
 .text.ak_malloc
                0x0800a7fc       0x50 build_dungeon-game/message.o
                0x0800a7fc                ak_malloc
 .text.ak_free  0x0800a84c        0x4 build_dungeon-game/message.o
                0x0800a84c                ak_free
 .text.get_pure_msg
                0x0800a850       0x5c build_dungeon-game/message.o
                0x0800a850                get_pure_msg
 .text.get_common_msg
                0x0800a8ac       0x60 build_dungeon-game/message.o
                0x0800a8ac                get_common_msg
 .text.set_data_common_msg
                0x0800a90c       0x4c build_dungeon-game/message.o
                0x0800a90c                set_data_common_msg
 .text.get_data_common_msg
                0x0800a958       0x28 build_dungeon-game/message.o
                0x0800a958                get_data_common_msg
 .text.get_data_len_common_msg
                0x0800a980       0x28 build_dungeon-game/message.o
                0x0800a980                get_data_len_common_msg
 .text.get_dynamic_msg
                0x0800a9a8       0x64 build_dungeon-game/message.o
                0x0800a9a8                get_dynamic_msg
 .text.set_data_dynamic_msg
                0x0800aa0c       0x3c build_dungeon-game/message.o
                0x0800aa0c                set_data_dynamic_msg
 .text.get_data_dynamic_msg
                0x0800aa48       0x28 build_dungeon-game/message.o
                0x0800aa48                get_data_dynamic_msg
 .text.get_data_len_dynamic_msg
                0x0800aa70        0x4 build_dungeon-game/message.o
                0x0800aa70                get_data_len_dynamic_msg
 .text.log_queue_init
                0x0800aa74       0x2e build_dungeon-game/log_queue.o
                0x0800aa74                log_queue_init
 .text.log_queue_len
                0x0800aaa2        0x4 build_dungeon-game/log_queue.o
                0x0800aaa2                log_queue_len
 .text.log_queue_put
                0x0800aaa6       0x5c build_dungeon-game/log_queue.o
                0x0800aaa6                log_queue_put
 .text.log_queue_get
                0x0800ab02       0x30 build_dungeon-game/log_queue.o
                0x0800ab02                log_queue_get
 .text.fifo_init
                0x0800ab32       0x12 build_dungeon-game/fifo.o
                0x0800ab32                fifo_init
 .text.fifo_availble
                0x0800ab44        0x4 build_dungeon-game/fifo.o
                0x0800ab44                fifo_availble
 .text.fifo_is_full
                0x0800ab48        0xc build_dungeon-game/fifo.o
                0x0800ab48                fifo_is_full
 .text.fifo_put
                0x0800ab54       0x54 build_dungeon-game/fifo.o
                0x0800ab54                fifo_put
 .text.fifo_get
                0x0800aba8       0x50 build_dungeon-game/fifo.o
                0x0800aba8                fifo_get
 .text.ring_buffer_char_init
                0x0800abf8        0xc build_dungeon-game/ring_buffer.o
                0x0800abf8                ring_buffer_char_init
 .text.ring_buffer_char_is_empty
                0x0800ac04        0xa build_dungeon-game/ring_buffer.o
                0x0800ac04                ring_buffer_char_is_empty
 .text.ring_buffer_char_put
                0x0800ac0e       0x36 build_dungeon-game/ring_buffer.o
                0x0800ac0e                ring_buffer_char_put
 .text.ring_buffer_char_get
                0x0800ac44       0x26 build_dungeon-game/ring_buffer.o
                0x0800ac44                ring_buffer_char_get
 .text.mem_read
                0x0800ac6a       0x18 build_dungeon-game/utils.o
                0x0800ac6a                mem_read
 .text.mem_write
                0x0800ac82       0x1a build_dungeon-game/utils.o
                0x0800ac82                mem_write
 *fill*         0x0800ac9c        0x4 
 .text.ilog10   0x0800aca0       0xd8 build_dungeon-game/xprintf.o
 .text.i10x     0x0800ad78       0x78 build_dungeon-game/xprintf.o
 .text.xfputc   0x0800adf0       0x30 build_dungeon-game/xprintf.o
                0x0800adf0                xfputc
 .text.xputc    0x0800ae20       0x10 build_dungeon-game/xprintf.o
                0x0800ae20                xputc
 .text.xvfprintf
                0x0800ae30      0x568 build_dungeon-game/xprintf.o
 .text.xprintf  0x0800b398       0x24 build_dungeon-game/xprintf.o
                0x0800b398                xprintf
 .text.cmd_line_parser
                0x0800b3bc       0x7c build_dungeon-game/cmd_line.o
                0x0800b3bc                cmd_line_parser
 .text.button_init
                0x0800b438       0x34 build_dungeon-game/button.o
                0x0800b438                button_init
 .text.button_enable
                0x0800b46c        0x6 build_dungeon-game/button.o
                0x0800b46c                button_enable
 .text.button_timer_polling
                0x0800b472       0x76 build_dungeon-game/button.o
                0x0800b472                button_timer_polling
 .text.flash_wait_to_idle
                0x0800b4e8       0x32 build_dungeon-game/flash.o
 .text.flash_set_write_enable.constprop.0
                0x0800b51a       0x14 build_dungeon-game/flash.o
 .text.flash_is_connected
                0x0800b52e       0x22 build_dungeon-game/flash.o
                0x0800b52e                flash_is_connected
 .text.flash_read
                0x0800b550       0x5e build_dungeon-game/flash.o
                0x0800b550                flash_read
 .text.flash_write
                0x0800b5ae       0x6c build_dungeon-game/flash.o
                0x0800b5ae                flash_write
 .text.flash_erase_sector
                0x0800b61a       0x48 build_dungeon-game/flash.o
                0x0800b61a                flash_erase_sector
 .text.flash_erase_block_64k
                0x0800b662       0x46 build_dungeon-game/flash.o
                0x0800b662                flash_erase_block_64k
 .text.led_init
                0x0800b6a8       0x20 build_dungeon-game/led.o
                0x0800b6a8                led_init
 .text.led_on   0x0800b6c8        0xc build_dungeon-game/led.o
                0x0800b6c8                led_on
 .text.led_off  0x0800b6d4        0xc build_dungeon-game/led.o
                0x0800b6d4                led_off
 .text.led_toggle
                0x0800b6e0       0x12 build_dungeon-game/led.o
                0x0800b6e0                led_toggle
 *fill*         0x0800b6f2        0x2 
 .text.BUZZER_Init
                0x0800b6f4       0xdc build_dungeon-game/buzzer.o
                0x0800b6f4                BUZZER_Init
 .text.BUZZER_Disable
                0x0800b7d0       0x38 build_dungeon-game/buzzer.o
                0x0800b7d0                BUZZER_Disable
 .text.BUZZER_Enable
                0x0800b808       0x84 build_dungeon-game/buzzer.o
                0x0800b808                BUZZER_Enable
 .text.buzzer_irq
                0x0800b88c       0x98 build_dungeon-game/buzzer.o
                0x0800b88c                buzzer_irq
 .text.BUZZER_PlayTones
                0x0800b924       0x2c build_dungeon-game/buzzer.o
                0x0800b924                BUZZER_PlayTones
 .text.BUZZER_Sleep
                0x0800b950       0x14 build_dungeon-game/buzzer.o
                0x0800b950                BUZZER_Sleep
 .text.sys_dbg_cpu_dump
                0x0800b964       0x4c build_dungeon-game/sys_dbg.o
                0x0800b964                sys_dbg_cpu_dump
 .text.sys_dbg_stack_space_dump
                0x0800b9b0       0x30 build_dungeon-game/sys_dbg.o
                0x0800b9b0                sys_dbg_stack_space_dump
 .text.sys_dbg_fatal
                0x0800b9e0      0x3d0 build_dungeon-game/sys_dbg.o
                0x0800b9e0                sys_dbg_fatal
 .text.sys_boot_init
                0x0800bdb0       0x14 build_dungeon-game/sys_boot.o
                0x0800bdb0                sys_boot_init
 .text.sys_boot_get
                0x0800bdc4        0xc build_dungeon-game/sys_boot.o
                0x0800bdc4                sys_boot_get
 .text.sys_boot_set
                0x0800bdd0       0x34 build_dungeon-game/sys_boot.o
                0x0800bdd0                sys_boot_set
 .text._exit    0x0800be04        0x2 build_dungeon-game/syscalls.o
                0x0800be04                _exit
 .text._kill    0x0800be06       0x10 build_dungeon-game/syscalls.o
                0x0800be06                _kill
 .text._getpid  0x0800be16        0x4 build_dungeon-game/syscalls.o
                0x0800be16                _getpid
 .text._write   0x0800be1a        0x4 build_dungeon-game/syscalls.o
                0x0800be1a                _write
 .text._read    0x0800be1e        0x4 build_dungeon-game/syscalls.o
                0x0800be1e                _read
 .text._close   0x0800be22        0x6 build_dungeon-game/syscalls.o
                0x0800be22                _close
 .text._fstat   0x0800be28        0xa build_dungeon-game/syscalls.o
                0x0800be28                _fstat
 .text._isatty  0x0800be32        0x4 build_dungeon-game/syscalls.o
                0x0800be32                _isatty
 .text._lseek   0x0800be36        0x4 build_dungeon-game/syscalls.o
                0x0800be36                _lseek
 .text.GPIO_Init
                0x0800be3a       0x74 build_dungeon-game/stm32l1xx_gpio.o
                0x0800be3a                GPIO_Init
 .text.GPIO_ReadInputDataBit
                0x0800beae        0xc build_dungeon-game/stm32l1xx_gpio.o
                0x0800beae                GPIO_ReadInputDataBit
 .text.GPIO_SetBits
                0x0800beba        0x4 build_dungeon-game/stm32l1xx_gpio.o
                0x0800beba                GPIO_SetBits
 .text.GPIO_ResetBits
                0x0800bebe        0x4 build_dungeon-game/stm32l1xx_gpio.o
                0x0800bebe                GPIO_ResetBits
 .text.GPIO_PinAFConfig
                0x0800bec2       0x24 build_dungeon-game/stm32l1xx_gpio.o
                0x0800bec2                GPIO_PinAFConfig
 *fill*         0x0800bee6        0x2 
 .text.RCC_HSICmd
                0x0800bee8        0xc build_dungeon-game/stm32l1xx_rcc.o
                0x0800bee8                RCC_HSICmd
 .text.RCC_GetClocksFreq
                0x0800bef4       0x94 build_dungeon-game/stm32l1xx_rcc.o
                0x0800bef4                RCC_GetClocksFreq
 .text.RCC_AHBPeriphClockCmd
                0x0800bf88       0x18 build_dungeon-game/stm32l1xx_rcc.o
                0x0800bf88                RCC_AHBPeriphClockCmd
 .text.RCC_APB2PeriphClockCmd
                0x0800bfa0       0x18 build_dungeon-game/stm32l1xx_rcc.o
                0x0800bfa0                RCC_APB2PeriphClockCmd
 .text.RCC_APB1PeriphClockCmd
                0x0800bfb8       0x18 build_dungeon-game/stm32l1xx_rcc.o
                0x0800bfb8                RCC_APB1PeriphClockCmd
 .text.RCC_APB2PeriphResetCmd
                0x0800bfd0       0x18 build_dungeon-game/stm32l1xx_rcc.o
                0x0800bfd0                RCC_APB2PeriphResetCmd
 .text.RCC_APB1PeriphResetCmd
                0x0800bfe8       0x18 build_dungeon-game/stm32l1xx_rcc.o
                0x0800bfe8                RCC_APB1PeriphResetCmd
 .text.RCC_GetFlagStatus
                0x0800c000       0x20 build_dungeon-game/stm32l1xx_rcc.o
                0x0800c000                RCC_GetFlagStatus
 .text.USART_Init
                0x0800c020       0xa4 build_dungeon-game/stm32l1xx_usart.o
                0x0800c020                USART_Init
 .text.USART_Cmd
                0x0800c0c4       0x18 build_dungeon-game/stm32l1xx_usart.o
                0x0800c0c4                USART_Cmd
 .text.USART_SendData
                0x0800c0dc        0x8 build_dungeon-game/stm32l1xx_usart.o
                0x0800c0dc                USART_SendData
 .text.USART_ReceiveData
                0x0800c0e4        0x8 build_dungeon-game/stm32l1xx_usart.o
                0x0800c0e4                USART_ReceiveData
 .text.USART_ITConfig
                0x0800c0ec       0x32 build_dungeon-game/stm32l1xx_usart.o
                0x0800c0ec                USART_ITConfig
 .text.USART_GetFlagStatus
                0x0800c11e        0xc build_dungeon-game/stm32l1xx_usart.o
                0x0800c11e                USART_GetFlagStatus
 .text.USART_GetITStatus
                0x0800c12a       0x3c build_dungeon-game/stm32l1xx_usart.o
                0x0800c12a                USART_GetITStatus
 .text.USART_ClearITPendingBit
                0x0800c166        0xe build_dungeon-game/stm32l1xx_usart.o
                0x0800c166                USART_ClearITPendingBit
 .text.SPI_I2S_DeInit
                0x0800c174       0x64 build_dungeon-game/stm32l1xx_spi.o
                0x0800c174                SPI_I2S_DeInit
 .text.SPI_Init
                0x0800c1d8       0x3e build_dungeon-game/stm32l1xx_spi.o
                0x0800c1d8                SPI_Init
 .text.SPI_Cmd  0x0800c216       0x18 build_dungeon-game/stm32l1xx_spi.o
                0x0800c216                SPI_Cmd
 .text.SPI_I2S_ReceiveData
                0x0800c22e        0x6 build_dungeon-game/stm32l1xx_spi.o
                0x0800c22e                SPI_I2S_ReceiveData
 .text.SPI_I2S_SendData
                0x0800c234        0x4 build_dungeon-game/stm32l1xx_spi.o
                0x0800c234                SPI_I2S_SendData
 .text.SPI_I2S_GetFlagStatus
                0x0800c238        0xc build_dungeon-game/stm32l1xx_spi.o
                0x0800c238                SPI_I2S_GetFlagStatus
 .text.NVIC_PriorityGroupConfig
                0x0800c244       0x14 build_dungeon-game/misc.o
                0x0800c244                NVIC_PriorityGroupConfig
 .text.NVIC_Init
                0x0800c258       0x58 build_dungeon-game/misc.o
                0x0800c258                NVIC_Init
 .text.EXTI_GetFlagStatus
                0x0800c2b0       0x14 build_dungeon-game/stm32l1xx_exti.o
                0x0800c2b0                EXTI_GetFlagStatus
 .text.EXTI_GetITStatus
                0x0800c2c4        0x4 build_dungeon-game/stm32l1xx_exti.o
                0x0800c2c4                EXTI_GetITStatus
 .text.EXTI_ClearITPendingBit
                0x0800c2c8        0xc build_dungeon-game/stm32l1xx_exti.o
                0x0800c2c8                EXTI_ClearITPendingBit
 .text.TIM_DeInit
                0x0800c2d4       0xe4 build_dungeon-game/stm32l1xx_tim.o
                0x0800c2d4                TIM_DeInit
 .text.TIM_TimeBaseInit
                0x0800c3b8       0x5c build_dungeon-game/stm32l1xx_tim.o
                0x0800c3b8                TIM_TimeBaseInit
 .text.TIM_ARRPreloadConfig
                0x0800c414       0x18 build_dungeon-game/stm32l1xx_tim.o
                0x0800c414                TIM_ARRPreloadConfig
 .text.TIM_Cmd  0x0800c42c       0x18 build_dungeon-game/stm32l1xx_tim.o
                0x0800c42c                TIM_Cmd
 .text.TIM_OC3Init
                0x0800c444       0x3c build_dungeon-game/stm32l1xx_tim.o
                0x0800c444                TIM_OC3Init
 .text.TIM_OC3PreloadConfig
                0x0800c480       0x10 build_dungeon-game/stm32l1xx_tim.o
                0x0800c480                TIM_OC3PreloadConfig
 .text.TIM_ITConfig
                0x0800c490       0x12 build_dungeon-game/stm32l1xx_tim.o
                0x0800c490                TIM_ITConfig
 .text.TIM_GetITStatus
                0x0800c4a2       0x16 build_dungeon-game/stm32l1xx_tim.o
                0x0800c4a2                TIM_GetITStatus
 .text.TIM_ClearITPendingBit
                0x0800c4b8        0x8 build_dungeon-game/stm32l1xx_tim.o
                0x0800c4b8                TIM_ClearITPendingBit
 .text.ADC_Init
                0x0800c4c0       0x4c build_dungeon-game/stm32l1xx_adc.o
                0x0800c4c0                ADC_Init
 .text.ADC_Cmd  0x0800c50c       0x12 build_dungeon-game/stm32l1xx_adc.o
                0x0800c50c                ADC_Cmd
 *fill*         0x0800c51e        0x2 
 .text.FLASH_Lock
                0x0800c520       0x10 build_dungeon-game/stm32l1xx_flash.o
                0x0800c520                FLASH_Lock
 .text.DATA_EEPROM_Unlock
                0x0800c530       0x20 build_dungeon-game/stm32l1xx_flash.o
                0x0800c530                DATA_EEPROM_Unlock
 .text.FLASH_Unlock
                0x0800c550       0x2c build_dungeon-game/stm32l1xx_flash.o
                0x0800c550                FLASH_Unlock
 .text.DATA_EEPROM_Lock
                0x0800c57c       0x10 build_dungeon-game/stm32l1xx_flash.o
                0x0800c57c                DATA_EEPROM_Lock
 .text.FLASH_ClearFlag
                0x0800c58c        0xc build_dungeon-game/stm32l1xx_flash.o
                0x0800c58c                FLASH_ClearFlag
 .text.FLASH_GetStatus
                0x0800c598       0x28 build_dungeon-game/stm32l1xx_flash.o
                0x0800c598                FLASH_GetStatus
 .text.FLASH_WaitForLastOperation
                0x0800c5c0       0x3c build_dungeon-game/stm32l1xx_flash.o
                0x0800c5c0                FLASH_WaitForLastOperation
 .text.FLASH_ErasePage
                0x0800c5fc       0x44 build_dungeon-game/stm32l1xx_flash.o
                0x0800c5fc                FLASH_ErasePage
 .text.FLASH_FastProgramWord
                0x0800c640       0x22 build_dungeon-game/stm32l1xx_flash.o
                0x0800c640                FLASH_FastProgramWord
 .text.DATA_EEPROM_EraseWord
                0x0800c662       0x16 build_dungeon-game/stm32l1xx_flash.o
                0x0800c662                DATA_EEPROM_EraseWord
 .text.DATA_EEPROM_FastProgramWord
                0x0800c678       0x30 build_dungeon-game/stm32l1xx_flash.o
                0x0800c678                DATA_EEPROM_FastProgramWord
 .text.DATA_EEPROM_ProgramByte
                0x0800c6a8       0x4a build_dungeon-game/stm32l1xx_flash.o
                0x0800c6a8                DATA_EEPROM_ProgramByte
 *fill*         0x0800c6f2        0x2 
 .text.IWDG_WriteAccessCmd
                0x0800c6f4        0xc build_dungeon-game/stm32l1xx_iwdg.o
                0x0800c6f4                IWDG_WriteAccessCmd
 .text.IWDG_SetPrescaler
                0x0800c700        0xc build_dungeon-game/stm32l1xx_iwdg.o
                0x0800c700                IWDG_SetPrescaler
 .text.IWDG_SetReload
                0x0800c70c        0xc build_dungeon-game/stm32l1xx_iwdg.o
                0x0800c70c                IWDG_SetReload
 .text.IWDG_ReloadCounter
                0x0800c718       0x10 build_dungeon-game/stm32l1xx_iwdg.o
                0x0800c718                IWDG_ReloadCounter
 .text.IWDG_Enable
                0x0800c728       0x10 build_dungeon-game/stm32l1xx_iwdg.o
                0x0800c728                IWDG_Enable
 .text.I2C_SendData
                0x0800c738        0x4 build_dungeon-game/stm32l1xx_i2c.o
                0x0800c738                I2C_SendData
 .text.I2C_CheckEvent
                0x0800c73c       0x18 build_dungeon-game/stm32l1xx_i2c.o
                0x0800c73c                I2C_CheckEvent
 .text.disable_interrupts
                0x0800c754       0x10 build_dungeon-game/platform.o
                0x0800c754                disable_interrupts
 .text.entry_critical
                0x0800c764       0x14 build_dungeon-game/platform.o
                0x0800c764                entry_critical
 .text.exit_critical
                0x0800c778       0x30 build_dungeon-game/platform.o
                0x0800c778                exit_critical
 .text.default_handler
                0x0800c7a8       0x1c build_dungeon-game/system.o
                0x0800c7a8                svc_handler
                0x0800c7a8                default_handler
                0x0800c7a8                dg_monitor_handler
                0x0800c7a8                pendsv_handler
 .text.nmi_handler
                0x0800c7c4       0x1c build_dungeon-game/system.o
                0x0800c7c4                nmi_handler
 .text.hard_fault_handler
                0x0800c7e0       0x1c build_dungeon-game/system.o
                0x0800c7e0                hard_fault_handler
 .text.mem_manage_handler
                0x0800c7fc       0x1c build_dungeon-game/system.o
                0x0800c7fc                mem_manage_handler
 .text.bus_fault_handler
                0x0800c818       0x1c build_dungeon-game/system.o
                0x0800c818                bus_fault_handler
 .text.usage_fault_handler
                0x0800c834       0x1c build_dungeon-game/system.o
                0x0800c834                usage_fault_handler
 .text.systick_handler
                0x0800c850       0x40 build_dungeon-game/system.o
                0x0800c850                systick_handler
 .text.uart1_irq
                0x0800c890       0x64 build_dungeon-game/system.o
                0x0800c890                uart1_irq
 .text.exti_line1_irq
                0x0800c8f4       0x1c build_dungeon-game/system.o
                0x0800c8f4                exti_line1_irq
 .text.timer7_irq
                0x0800c910       0x24 build_dungeon-game/system.o
                0x0800c910                timer7_irq
 .text.sys_ctrl_delay
                0x0800c934        0xc build_dungeon-game/system.o
                0x0800c934                sys_ctrl_delay
 .text.sys_ctrl_millis
                0x0800c940       0x1c build_dungeon-game/system.o
                0x0800c940                sys_ctrl_millis
 .text._init    0x0800c95c        0x2 build_dungeon-game/system.o
                0x0800c95c                _init
 .text._fini    0x0800c95e        0x2 build_dungeon-game/system.o
                0x0800c95e                _fini
 .text.sys_stack_count_init
                0x0800c960       0x3c build_dungeon-game/system.o
                0x0800c960                sys_stack_count_init
 .text.reset_handler
                0x0800c99c       0xc8 build_dungeon-game/system.o
                0x0800c99c                reset_handler
 .text.sys_stack_usage
                0x0800ca64       0x20 build_dungeon-game/system.o
                0x0800ca64                sys_stack_usage
 .text.sys_stack_get_size
                0x0800ca84        0xc build_dungeon-game/system.o
                0x0800ca84                sys_stack_get_size
 .text.sys_ctrl_shell_put_char_block
                0x0800ca90       0x2c build_dungeon-game/sys_cfg.o
                0x0800ca90                sys_ctrl_shell_put_char_block
 .text.sys_cfg_clock
                0x0800cabc       0x22 build_dungeon-game/sys_cfg.o
                0x0800cabc                sys_cfg_clock
 *fill*         0x0800cade        0x2 
 .text.sys_cfg_tick
                0x0800cae0       0x44 build_dungeon-game/sys_cfg.o
                0x0800cae0                sys_cfg_tick
 .text.sys_cfg_svc
                0x0800cb24       0x20 build_dungeon-game/sys_cfg.o
                0x0800cb24                sys_cfg_svc
 .text.sys_cfg_pendsv
                0x0800cb44       0x24 build_dungeon-game/sys_cfg.o
                0x0800cb44                sys_cfg_pendsv
 .text.sys_cfg_update_info
                0x0800cb68      0x108 build_dungeon-game/sys_cfg.o
                0x0800cb68                sys_cfg_update_info
 .text.sys_ctrl_shell_sw_to_block
                0x0800cc70       0x38 build_dungeon-game/sys_cfg.o
                0x0800cc70                sys_ctrl_shell_sw_to_block
 .text.sys_cfg_console
                0x0800cca8       0xc8 build_dungeon-game/sys_cfg.o
                0x0800cca8                sys_cfg_console
 .text.sys_ctrl_shell_get_char
                0x0800cd70       0x34 build_dungeon-game/sys_cfg.o
                0x0800cd70                sys_ctrl_shell_get_char
 .text.sys_ctrl_reset
                0x0800cda4       0x20 build_dungeon-game/sys_cfg.o
                0x0800cda4                sys_ctrl_reset
 .text.sys_ctrl_delay_us
                0x0800cdc4       0x58 build_dungeon-game/sys_cfg.o
                0x0800cdc4                sys_ctrl_delay_us
 .text.sys_ctrl_delay_ms
                0x0800ce1c       0x1e build_dungeon-game/sys_cfg.o
                0x0800ce1c                sys_ctrl_delay_ms
 .text.sys_ctrl_independent_watchdog_init
                0x0800ce3a       0x24 build_dungeon-game/sys_cfg.o
                0x0800ce3a                sys_ctrl_independent_watchdog_init
 .text.sys_ctrl_independent_watchdog_reset
                0x0800ce5e       0x12 build_dungeon-game/sys_cfg.o
                0x0800ce5e                sys_ctrl_independent_watchdog_reset
 .text.sys_ctrl_soft_watchdog_init
                0x0800ce70       0x58 build_dungeon-game/sys_cfg.o
                0x0800ce70                sys_ctrl_soft_watchdog_init
 .text.sys_ctrl_soft_watchdog_reset
                0x0800cec8       0x18 build_dungeon-game/sys_cfg.o
                0x0800cec8                sys_ctrl_soft_watchdog_reset
 .text.sys_ctrl_soft_watchdog_increase_counter
                0x0800cee0       0x40 build_dungeon-game/sys_cfg.o
                0x0800cee0                sys_ctrl_soft_watchdog_increase_counter
 .text.sys_ctrl_get_firmware_info
                0x0800cf20       0x40 build_dungeon-game/sys_cfg.o
                0x0800cf20                sys_ctrl_get_firmware_info
 .text.task_irq_io_entry_trigger
                0x0800cf60        0x2 build_dungeon-game/sys_cfg.o
                0x0800cf60                task_irq_io_entry_trigger
 .text.task_irq_io_exit_trigger
                0x0800cf62        0x2 build_dungeon-game/sys_cfg.o
                0x0800cf62                task_irq_io_exit_trigger
 .text.io_button_mode_init
                0x0800cf64       0x28 build_dungeon-game/io_cfg.o
                0x0800cf64                io_button_mode_init
 .text.io_button_up_init
                0x0800cf8c       0x28 build_dungeon-game/io_cfg.o
                0x0800cf8c                io_button_up_init
 .text.io_button_down_init
                0x0800cfb4       0x28 build_dungeon-game/io_cfg.o
                0x0800cfb4                io_button_down_init
 .text.io_button_mode_read
                0x0800cfdc        0xc build_dungeon-game/io_cfg.o
                0x0800cfdc                io_button_mode_read
 .text.io_button_up_read
                0x0800cfe8       0x10 build_dungeon-game/io_cfg.o
                0x0800cfe8                io_button_up_read
 .text.io_button_down_read
                0x0800cff8        0xc build_dungeon-game/io_cfg.o
                0x0800cff8                io_button_down_read
 .text.led_life_init
                0x0800d004       0x28 build_dungeon-game/io_cfg.o
                0x0800d004                led_life_init
 .text.led_life_on
                0x0800d02c       0x10 build_dungeon-game/io_cfg.o
                0x0800d02c                led_life_on
 .text.led_life_off
                0x0800d03c       0x10 build_dungeon-game/io_cfg.o
                0x0800d03c                led_life_off
 .text.flash_io_ctrl_init
                0x0800d04c       0x28 build_dungeon-game/io_cfg.o
                0x0800d04c                flash_io_ctrl_init
 .text.flash_cs_low
                0x0800d074       0x10 build_dungeon-game/io_cfg.o
                0x0800d074                flash_cs_low
 .text.flash_cs_high
                0x0800d084       0x10 build_dungeon-game/io_cfg.o
                0x0800d084                flash_cs_high
 .text.flash_transfer
                0x0800d094       0x8c build_dungeon-game/io_cfg.o
                0x0800d094                flash_transfer
 .text.io_cfg_adc1
                0x0800d120       0x48 build_dungeon-game/io_cfg.o
                0x0800d120                io_cfg_adc1
 .text.adc_bat_io_cfg
                0x0800d168       0x2c build_dungeon-game/io_cfg.o
                0x0800d168                adc_bat_io_cfg
 .text.ssd1306_clk_input_mode
                0x0800d194       0x28 build_dungeon-game/io_cfg.o
                0x0800d194                ssd1306_clk_input_mode
 .text.ssd1306_clk_output_mode
                0x0800d1bc       0x28 build_dungeon-game/io_cfg.o
                0x0800d1bc                ssd1306_clk_output_mode
 .text.ssd1306_clk_digital_write_low
                0x0800d1e4       0x10 build_dungeon-game/io_cfg.o
                0x0800d1e4                ssd1306_clk_digital_write_low
 .text.ssd1306_clk_digital_write_high
                0x0800d1f4       0x10 build_dungeon-game/io_cfg.o
                0x0800d1f4                ssd1306_clk_digital_write_high
 .text.ssd1306_data_input_mode
                0x0800d204       0x28 build_dungeon-game/io_cfg.o
                0x0800d204                ssd1306_data_input_mode
 .text.ssd1306_data_output_mode
                0x0800d22c       0x28 build_dungeon-game/io_cfg.o
                0x0800d22c                ssd1306_data_output_mode
 .text.ssd1306_data_digital_write_low
                0x0800d254       0x10 build_dungeon-game/io_cfg.o
                0x0800d254                ssd1306_data_digital_write_low
 .text.ssd1306_data_digital_write_high
                0x0800d264       0x10 build_dungeon-game/io_cfg.o
                0x0800d264                ssd1306_data_digital_write_high
 .text.ssd1306_res_input_mode
                0x0800d274       0x28 build_dungeon-game/io_cfg.o
                0x0800d274                ssd1306_res_input_mode
 .text.ssd1306_res_output_mode
                0x0800d29c       0x28 build_dungeon-game/io_cfg.o
                0x0800d29c                ssd1306_res_output_mode
 .text.ssd1306_res_digital_write_low
                0x0800d2c4       0x10 build_dungeon-game/io_cfg.o
                0x0800d2c4                ssd1306_res_digital_write_low
 .text.ssd1306_res_digital_write_high
                0x0800d2d4       0x10 build_dungeon-game/io_cfg.o
                0x0800d2d4                ssd1306_res_digital_write_high
 .text.io_eeprom_read
                0x0800d2e4       0x34 build_dungeon-game/io_cfg.o
                0x0800d2e4                io_eeprom_read
 .text.io_eeprom_write
                0x0800d318       0x48 build_dungeon-game/io_cfg.o
                0x0800d318                io_eeprom_write
 .text.io_eeprom_erase
                0x0800d360       0x4c build_dungeon-game/io_cfg.o
                0x0800d360                io_eeprom_erase
 .text.internal_flash_unlock
                0x0800d3ac       0x12 build_dungeon-game/io_cfg.o
                0x0800d3ac                internal_flash_unlock
 .text.internal_flash_lock
                0x0800d3be        0x4 build_dungeon-game/io_cfg.o
                0x0800d3be                internal_flash_lock
 .text.internal_flash_erase_pages_cal
                0x0800d3c2       0x24 build_dungeon-game/io_cfg.o
                0x0800d3c2                internal_flash_erase_pages_cal
 .text.internal_flash_write_cal
                0x0800d3e6       0x48 build_dungeon-game/io_cfg.o
                0x0800d3e6                internal_flash_write_cal
 *fill*         0x0800d42e        0x2 
 .text.io_uart2_cfg
                0x0800d430       0xac build_dungeon-game/io_cfg.o
                0x0800d430                io_uart2_cfg
 .text.SystemInit
                0x0800d4dc      0x114 build_dungeon-game/system_stm32l1xx.o
                0x0800d4dc                SystemInit
 .text.SystemCoreClockUpdate
                0x0800d5f0       0x7c build_dungeon-game/system_stm32l1xx.o
                0x0800d5f0                SystemCoreClockUpdate
 .text._Z22dungeon_control_handleP8ak_msg_t
                0x0800d66c       0xb4 build_dungeon-game/dungeon_control.o
                0x0800d66c                dungeon_control_handle(ak_msg_t*)
 .text._ZL20dungeon_action_setupv
                0x0800d720       0x1c build_dungeon-game/dungeon_action.o
 .text._Z21dungeon_action_handleP8ak_msg_t
                0x0800d73c       0x80 build_dungeon-game/dungeon_action.o
                0x0800d73c                dungeon_action_handle(ak_msg_t*)
 .text._ZL20dungeon_effect_setupv
                0x0800d7bc       0x20 build_dungeon-game/dungeon_effect.o
 .text._Z21dungeon_effect_handleP8ak_msg_t
                0x0800d7dc       0x68 build_dungeon-game/dungeon_effect.o
                0x0800d7dc                dungeon_effect_handle(ak_msg_t*)
 .text._Z19dungeon_lane_handleP8ak_msg_t
                0x0800d844       0x78 build_dungeon-game/dungeon_lane.o
                0x0800d844                dungeon_lane_handle(ak_msg_t*)
 .text._ZL19dungeon_state_setupv
                0x0800d8bc       0x20 build_dungeon-game/dungeon_state.o
 .text._Z20dungeon_state_handleP8ak_msg_t
                0x0800d8dc       0x3c build_dungeon-game/dungeon_state.o
                0x0800d8dc                dungeon_state_handle(ak_msg_t*)
 .text._ZL13view_scr_idlev
                0x0800d918       0x34 build_dungeon-game/scr_idle.o
 .text._ZN4ballC2Ev
                0x0800d94c       0x5e build_dungeon-game/scr_idle.o
                0x0800d94c                ball::ball()
                0x0800d94c                ball::ball()
 *fill*         0x0800d9aa        0x2 
 .text._ZNSt6vectorI4ballSaIS0_EE17_M_realloc_insertIJRKS0_EEEvN9__gnu_cxx17__normal_iteratorIPS0_S2_EEDpOT_
                0x0800d9ac      0x110 build_dungeon-game/scr_idle.o
                0x0800d9ac                void std::vector<ball, std::allocator<ball> >::_M_realloc_insert<ball const&>(__gnu_cxx::__normal_iterator<ball*, std::vector<ball, std::allocator<ball> > >, ball const&)
 .text._ZNSt6vectorI4ballSaIS0_EE9push_backERKS0_
                0x0800dabc       0x2c build_dungeon-game/scr_idle.o
                0x0800dabc                std::vector<ball, std::allocator<ball> >::push_back(ball const&)
 .text._Z15scr_idle_handleP8ak_msg_t
                0x0800dae8      0x1a8 build_dungeon-game/scr_idle.o
                0x0800dae8                scr_idle_handle(ak_msg_t*)
 .text.startup._GLOBAL__sub_I_dyn_view_idle
                0x0800dc90       0x10 build_dungeon-game/scr_idle.o
 .text.exit._GLOBAL__sub_D_dyn_view_idle
                0x0800dca0       0x10 build_dungeon-game/scr_idle.o
 .text._ZL16view_scr_startupv
                0x0800dcb0       0xa4 build_dungeon-game/scr_startup.o
 .text._Z18scr_startup_handleP8ak_msg_t
                0x0800dd54       0x7c build_dungeon-game/scr_startup.o
                0x0800dd54                scr_startup_handle(ak_msg_t*)
 .text._ZL25menu_rebuild_visible_listv
                0x0800ddd0       0x3c build_dungeon-game/scr_menu_game.o
 .text._Z25update_menu_screen_chossev
                0x0800de0c       0xa4 build_dungeon-game/scr_menu_game.o
                0x0800de0c                update_menu_screen_chosse()
 .text._Z16screen_tran_menuv
                0x0800deb0       0x74 build_dungeon-game/scr_menu_game.o
                0x0800deb0                screen_tran_menu()
 .text._ZL18view_scr_menu_gamev
                0x0800df24      0x144 build_dungeon-game/scr_menu_game.o
 .text._Z20scr_menu_game_handleP8ak_msg_t
                0x0800e068       0xfc build_dungeon-game/scr_menu_game.o
                0x0800e068                scr_menu_game_handle(ak_msg_t*)
 .text._Z23scr_game_setting_handleP8ak_msg_t
                0x0800e164      0x16c build_dungeon-game/scr_game_setting.o
                0x0800e164                scr_game_setting_handle(ak_msg_t*)
 .text._ZL21view_scr_game_settingv
                0x0800e2d0      0x140 build_dungeon-game/scr_game_setting.o
 .text._ZL18dungeon_clear_savev
                0x0800e410       0x20 build_dungeon-game/scr_dungeon_game.o
 .text._ZL28ar_game_save_and_reset_scorev
                0x0800e430       0x24 build_dungeon-game/scr_dungeon_game.o
 .text._ZL29dungeon_load_message_defaultsv
                0x0800e454       0x2c build_dungeon-game/scr_dungeon_game.o
 .text._ZL19dungeon_set_messagePKcS0_S0_h
                0x0800e480       0x5c build_dungeon-game/scr_dungeon_game.o
 .text._ZL16bw_reset_objectsv
                0x0800e4dc       0x2e build_dungeon-game/scr_dungeon_game.o
 *fill*         0x0800e50a        0x2 
 .text._ZL21dungeon_save_progressv
                0x0800e50c      0x148 build_dungeon-game/scr_dungeon_game.o
 .text._ZL20dungeon_start_battlev
                0x0800e654       0x94 build_dungeon-game/scr_dungeon_game.o
 .text._ZL21dungeon_prepare_stagev
                0x0800e6e8       0x44 build_dungeon-game/scr_dungeon_game.o
 .text._ZL19dungeon_init_playerh
                0x0800e72c       0x6c build_dungeon-game/scr_dungeon_game.o
 .text._ZL24dungeon_after_battle_winv
                0x0800e798       0x60 build_dungeon-game/scr_dungeon_game.o
 .text._ZL19dungeon_finish_gameh
                0x0800e7f8       0x30 build_dungeon-game/scr_dungeon_game.o
 .text._Z21dungeon_has_save_datav
                0x0800e828       0x30 build_dungeon-game/scr_dungeon_game.o
                0x0800e828                dungeon_has_save_data()
 .text._Z24dungeon_prepare_continuev
                0x0800e858        0xc build_dungeon-game/scr_dungeon_game.o
                0x0800e858                dungeon_prepare_continue()
 .text._Z24dungeon_prepare_new_gamev
                0x0800e864       0x18 build_dungeon-game/scr_dungeon_game.o
                0x0800e864                dungeon_prepare_new_game()
 .text._Z21dungeon_prepare_levelh
                0x0800e87c       0x20 build_dungeon-game/scr_dungeon_game.o
                0x0800e87c                dungeon_prepare_level(unsigned char)
 .text._Z28dungeon_prepare_creator_modeh
                0x0800e89c       0x20 build_dungeon-game/scr_dungeon_game.o
                0x0800e89c                dungeon_prepare_creator_mode(unsigned char)
 .text._Z23dungeon_is_creator_modev
                0x0800e8bc       0x10 build_dungeon-game/scr_dungeon_game.o
                0x0800e8bc                dungeon_is_creator_mode()
 .text._Z22dungeon_move_selectiona
                0x0800e8cc       0x40 build_dungeon-game/scr_dungeon_game.o
                0x0800e8cc                dungeon_move_selection(signed char)
 .text._Z22dungeon_confirm_actionv
                0x0800e90c      0x2a8 build_dungeon-game/scr_dungeon_game.o
                0x0800e90c                dungeon_confirm_action()
 .text._Z12dungeon_tickv
                0x0800ebb4      0x298 build_dungeon-game/scr_dungeon_game.o
                0x0800ebb4                dungeon_tick()
 .text._Z21dungeon_setup_sessionv
                0x0800ee4c      0x1a0 build_dungeon-game/scr_dungeon_game.o
                0x0800ee4c                dungeon_setup_session()
 .text._Z21dungeon_reset_sessionv
                0x0800efec       0x1c build_dungeon-game/scr_dungeon_game.o
                0x0800efec                dungeon_reset_session()
 .text._Z24dungeon_get_total_stagesv
                0x0800f008        0xc build_dungeon-game/scr_dungeon_game.o
                0x0800f008                dungeon_get_total_stages()
 .text._ZL23dungeon_draw_stats_linev
                0x0800f014       0xd8 build_dungeon-game/scr_dungeon_game.o
 .text._ZL21view_scr_dungeon_gamev
                0x0800f0ec      0x898 build_dungeon-game/scr_dungeon_game.o
 .text._Z23scr_dungeon_game_handleP8ak_msg_t
                0x0800f984      0x170 build_dungeon-game/scr_dungeon_game.o
                0x0800f984                scr_dungeon_game_handle(ak_msg_t*)
 .text._ZL28view_scr_dungeon_how_to_playv
                0x0800faf4       0xd4 build_dungeon-game/scr_dungeon_how_to_play.o
 .text._Z30scr_dungeon_how_to_play_handleP8ak_msg_t
                0x0800fbc8       0x9c build_dungeon-game/scr_dungeon_how_to_play.o
                0x0800fbc8                scr_dungeon_how_to_play_handle(ak_msg_t*)
 .text._Z12rank_rankingv
                0x0800fc64       0x30 build_dungeon-game/scr_game_over.o
                0x0800fc64                rank_ranking()
 .text._ZL18view_scr_game_overv
                0x0800fc94       0xdc build_dungeon-game/scr_game_over.o
 .text._Z20scr_game_over_handleP8ak_msg_t
                0x0800fd70       0xec build_dungeon-game/scr_game_over.o
                0x0800fd70                scr_game_over_handle(ak_msg_t*)
 .text._ZL20view_scr_leaderboardv
                0x0800fe5c       0xf8 build_dungeon-game/scr_leaderboard.o
 .text._Z22scr_leaderboard_handleP8ak_msg_t
                0x0800ff54       0x74 build_dungeon-game/scr_leaderboard.o
                0x0800ff54                scr_leaderboard_handle(ak_msg_t*)
 .text._Z27dungeon_set_level_view_modeh
                0x0800ffc8       0x10 build_dungeon-game/scr_charts_game.o
                0x0800ffc8                dungeon_set_level_view_mode(unsigned char)
 .text._ZL20view_scr_charts_gamev
                0x0800ffd8      0x114 build_dungeon-game/scr_charts_game.o
 .text._Z22scr_charts_game_handleP8ak_msg_t
                0x080100ec       0xb0 build_dungeon-game/scr_charts_game.o
                0x080100ec                scr_charts_game_handle(ak_msg_t*)
 .text.main_app
                0x0801019c      0x1b0 build_dungeon-game/app.o
                0x0801019c                main_app
 .text._Z20task_polling_consolev
                0x0801034c       0xd8 build_dungeon-game/app.o
                0x0801034c                task_polling_console()
 .text.sys_irq_timer_10ms
                0x08010424       0x24 build_dungeon-game/app.o
                0x08010424                sys_irq_timer_10ms
 .text._Z17btn_mode_callbackPv
                0x08010448       0x54 build_dungeon-game/app_bsp.o
                0x08010448                btn_mode_callback(void*)
 .text._Z15btn_up_callbackPv
                0x0801049c       0x54 build_dungeon-game/app_bsp.o
                0x0801049c                btn_up_callback(void*)
 .text._Z17btn_down_callbackPv
                0x080104f0       0x54 build_dungeon-game/app_bsp.o
                0x080104f0                btn_down_callback(void*)
 .text._ZL19str_parser_get_attrh
                0x08010544       0x1c build_dungeon-game/shell.o
 .text._Z11shell_resetPh
                0x08010560       0x10 build_dungeon-game/shell.o
                0x08010560                shell_reset(unsigned char*)
 .text._Z10shell_helpPh
                0x08010570       0x30 build_dungeon-game/shell.o
                0x08010570                shell_help(unsigned char*)
 .text._Z12shell_rebootPh
                0x080105a0       0x10 build_dungeon-game/shell.o
                0x080105a0                shell_reboot(unsigned char*)
 .text._ZL10str_parserPc
                0x080105b0       0x60 build_dungeon-game/shell.o
 .text._Z11shell_fatalPh
                0x08010610      0x2f4 build_dungeon-game/shell.o
                0x08010610                shell_fatal(unsigned char*)
 .text._Z11shell_flashPh
                0x08010904      0x150 build_dungeon-game/shell.o
                0x08010904                shell_flash(unsigned char*)
 .text._Z9shell_epsPh
                0x08010a54       0xd0 build_dungeon-game/shell.o
                0x08010a54                shell_eps(unsigned char*)
 .text._Z9shell_ramPh
                0x08010b24      0x20c build_dungeon-game/shell.o
                0x08010b24                shell_ram(unsigned char*)
 .text._Z10shell_bootPh
                0x08010d30       0xdc build_dungeon-game/shell.o
                0x08010d30                shell_boot(unsigned char*)
 .text._Z12shell_buzzerPh
                0x08010e0c       0xd4 build_dungeon-game/shell.o
                0x08010e0c                shell_buzzer(unsigned char*)
 .text._Z9shell_lcdPh
                0x08010ee0      0x15c build_dungeon-game/shell.o
                0x08010ee0                shell_lcd(unsigned char*)
 .text.sys_irq_shell
                0x0801103c       0x2c build_dungeon-game/task_shell.o
                0x0801103c                sys_irq_shell
 .text._Z10task_shellP8ak_msg_t
                0x08011068       0x7c build_dungeon-game/task_shell.o
                0x08011068                task_shell(ak_msg_t*)
 .text._Z9task_lifeP8ak_msg_t
                0x080110e4       0x20 build_dungeon-game/task_life.o
                0x080110e4                task_life(ak_msg_t*)
 .text._Z7task_fwP8ak_msg_t
                0x08011104      0x490 build_dungeon-game/task_fw.o
                0x08011104                task_fw(ak_msg_t*)
 .text._Z12task_displayP8ak_msg_t
                0x08011594        0x4 build_dungeon-game/task_display.o
                0x08011594                task_display(ak_msg_t*)
 .text._Z7task_ifP8ak_msg_t
                0x08011598       0x98 build_dungeon-game/task_if.o
                0x08011598                task_if(ak_msg_t*)
 .text._Z12task_uart_ifP8ak_msg_t
                0x08011630       0xc0 build_dungeon-game/task_uart_if.o
                0x08011630                task_uart_if(ak_msg_t*)
 .text._ZL19view_render_dynamicPv
                0x080116f0        0xa build_dungeon-game/view_render.o
 *fill*         0x080116fa        0x2 
 .text._Z22view_render_display_onv
                0x080116fc        0xc build_dungeon-game/view_render.o
                0x080116fc                view_render_display_on()
 .text.startup._GLOBAL__sub_I_view_render
                0x08011708        0xc build_dungeon-game/view_render.o
 .text.exit._GLOBAL__sub_D_view_render
                0x08011714        0xc build_dungeon-game/view_render.o
 .text._Z18view_render_screenP13view_screen_t
                0x08011720       0x68 build_dungeon-game/view_render.o
                0x08011720                view_render_screen(view_screen_t*)
 .text._ZL21view_render_rectanglePv
                0x08011788       0xe8 build_dungeon-game/view_render.o
 .text._Z12scr_mng_ctorP9scr_mng_tPFvP8ak_msg_tEP13view_screen_t
                0x08011870       0x20 build_dungeon-game/screen_manager.o
                0x08011870                scr_mng_ctor(scr_mng_t*, void (*)(ak_msg_t*), view_screen_t*)
 .text._Z16scr_mng_dispatchP8ak_msg_t
                0x08011890       0x48 build_dungeon-game/screen_manager.o
                0x08011890                scr_mng_dispatch(ak_msg_t*)
 .text._Z12scr_mng_tranPFvP8ak_msg_tEP13view_screen_t
                0x080118d8       0x44 build_dungeon-game/screen_manager.o
                0x080118d8                scr_mng_tran(void (*)(ak_msg_t*), view_screen_t*)
 .text._ZN12Adafruit_GFX8drawLineEsssst
                0x0801191c       0xba build_dungeon-game/Adafruit_GFX.o
                0x0801191c                Adafruit_GFX::drawLine(short, short, short, short, unsigned short)
 .text._ZN12Adafruit_GFX8drawRectEsssst
                0x080119d6       0x68 build_dungeon-game/Adafruit_GFX.o
                0x080119d6                Adafruit_GFX::drawRect(short, short, short, short, unsigned short)
 .text._ZN12Adafruit_GFX13drawFastVLineEssst
                0x08011a3e       0x1c build_dungeon-game/Adafruit_GFX.o
                0x08011a3e                Adafruit_GFX::drawFastVLine(short, short, short, unsigned short)
 .text._ZN12Adafruit_GFX13drawFastHLineEssst
                0x08011a5a       0x1a build_dungeon-game/Adafruit_GFX.o
                0x08011a5a                Adafruit_GFX::drawFastHLine(short, short, short, unsigned short)
 .text._ZN12Adafruit_GFX8fillRectEsssst
                0x08011a74       0x38 build_dungeon-game/Adafruit_GFX.o
                0x08011a74                Adafruit_GFX::fillRect(short, short, short, short, unsigned short)
 .text._ZN12Adafruit_GFX10fillScreenEt
                0x08011aac       0x1c build_dungeon-game/Adafruit_GFX.o
                0x08011aac                Adafruit_GFX::fillScreen(unsigned short)
 .text._ZN12Adafruit_GFXC2Ess
                0x08011ac8       0x28 build_dungeon-game/Adafruit_GFX.o
                0x08011ac8                Adafruit_GFX::Adafruit_GFX(short, short)
                0x08011ac8                Adafruit_GFX::Adafruit_GFX(short, short)
 .text._ZN12Adafruit_GFX10drawCircleEssst
                0x08011af0      0x176 build_dungeon-game/Adafruit_GFX.o
                0x08011af0                Adafruit_GFX::drawCircle(short, short, short, unsigned short)
 .text._ZN12Adafruit_GFX16drawCircleHelperEsssht
                0x08011c66      0x168 build_dungeon-game/Adafruit_GFX.o
                0x08011c66                Adafruit_GFX::drawCircleHelper(short, short, short, unsigned char, unsigned short)
 .text._ZN12Adafruit_GFX16fillCircleHelperEssshst
                0x08011dce      0x124 build_dungeon-game/Adafruit_GFX.o
                0x08011dce                Adafruit_GFX::fillCircleHelper(short, short, short, unsigned char, short, unsigned short)
 .text._ZN12Adafruit_GFX13drawRoundRectEssssst
                0x08011ef2      0x106 build_dungeon-game/Adafruit_GFX.o
                0x08011ef2                Adafruit_GFX::drawRoundRect(short, short, short, short, short, unsigned short)
 .text._ZN12Adafruit_GFX13fillRoundRectEssssst
                0x08011ff8       0x8a build_dungeon-game/Adafruit_GFX.o
                0x08011ff8                Adafruit_GFX::fillRoundRect(short, short, short, short, short, unsigned short)
 .text._ZN12Adafruit_GFX12fillTriangleEsssssst
                0x08012082      0x1aa build_dungeon-game/Adafruit_GFX.o
                0x08012082                Adafruit_GFX::fillTriangle(short, short, short, short, short, short, unsigned short)
 .text._ZN12Adafruit_GFX10drawBitmapEssPKhsst
                0x0801222c       0x82 build_dungeon-game/Adafruit_GFX.o
                0x0801222c                Adafruit_GFX::drawBitmap(short, short, unsigned char const*, short, short, unsigned short)
 *fill*         0x080122ae        0x2 
 .text._ZN12Adafruit_GFX8drawCharEsshtth
                0x080122b0      0x100 build_dungeon-game/Adafruit_GFX.o
                0x080122b0                Adafruit_GFX::drawChar(short, short, unsigned char, unsigned short, unsigned short, unsigned char)
 .text._ZN12Adafruit_GFX5writeEh
                0x080123b0       0x60 build_dungeon-game/Adafruit_GFX.o
                0x080123b0                Adafruit_GFX::write(unsigned char)
 .text._ZN12Adafruit_GFX9setCursorEss
                0x08012410        0x6 build_dungeon-game/Adafruit_GFX.o
                0x08012410                Adafruit_GFX::setCursor(short, short)
 .text._ZN12Adafruit_GFX11setTextSizeEh
                0x08012416        0xa build_dungeon-game/Adafruit_GFX.o
                0x08012416                Adafruit_GFX::setTextSize(unsigned char)
 .text._ZN12Adafruit_GFX12setTextColorEt
                0x08012420        0x6 build_dungeon-game/Adafruit_GFX.o
                0x08012420                Adafruit_GFX::setTextColor(unsigned short)
 .text._ZN12Adafruit_GFX5widthEv
                0x08012426        0x6 build_dungeon-game/Adafruit_GFX.o
                0x08012426                Adafruit_GFX::width()
 .text._ZN12Adafruit_GFX6heightEv
                0x0801242c        0x6 build_dungeon-game/Adafruit_GFX.o
                0x0801242c                Adafruit_GFX::height()
 .text._ZN19Adafruit_ssd1306syp9updateRowEii
                0x08012432       0x1e build_dungeon-game/Adafruit_ssd1306syp.o
                0x08012432                Adafruit_ssd1306syp::updateRow(int, int)
 .text._ZN19Adafruit_ssd1306syp9drawPixelEsst
                0x08012450       0x52 build_dungeon-game/Adafruit_ssd1306syp.o
                0x08012450                Adafruit_ssd1306syp::drawPixel(short, short, unsigned short)
 *fill*         0x080124a2        0x2 
 .text._ZN19Adafruit_ssd1306sypC2Ev
                0x080124a4       0x24 build_dungeon-game/Adafruit_ssd1306syp.o
                0x080124a4                Adafruit_ssd1306syp::Adafruit_ssd1306syp()
                0x080124a4                Adafruit_ssd1306syp::Adafruit_ssd1306syp()
 .text._ZN19Adafruit_ssd1306sypD2Ev
                0x080124c8        0x2 build_dungeon-game/Adafruit_ssd1306syp.o
                0x080124c8                Adafruit_ssd1306syp::~Adafruit_ssd1306syp()
                0x080124c8                Adafruit_ssd1306syp::~Adafruit_ssd1306syp()
 .text._ZN19Adafruit_ssd1306syp5clearEb
                0x080124ca       0x22 build_dungeon-game/Adafruit_ssd1306syp.o
                0x080124ca                Adafruit_ssd1306syp::clear(bool)
 .text._ZN19Adafruit_ssd1306syp9writeByteEh
                0x080124ec       0x54 build_dungeon-game/Adafruit_ssd1306syp.o
                0x080124ec                Adafruit_ssd1306syp::writeByte(unsigned char)
 .text._ZN19Adafruit_ssd1306syp8startIICEv
                0x08012540       0x2c build_dungeon-game/Adafruit_ssd1306syp.o
                0x08012540                Adafruit_ssd1306syp::startIIC()
 .text._ZN19Adafruit_ssd1306syp7stopIICEv
                0x0801256c       0x2c build_dungeon-game/Adafruit_ssd1306syp.o
                0x0801256c                Adafruit_ssd1306syp::stopIIC()
 .text._ZN19Adafruit_ssd1306syp12writeCommandEh
                0x08012598       0x2c build_dungeon-game/Adafruit_ssd1306syp.o
                0x08012598                Adafruit_ssd1306syp::writeCommand(unsigned char)
 .text._ZN19Adafruit_ssd1306syp10initializeEv
                0x080125c4      0x104 build_dungeon-game/Adafruit_ssd1306syp.o
                0x080125c4                Adafruit_ssd1306syp::initialize()
 .text._ZN19Adafruit_ssd1306syp10display_onEv
                0x080126c8        0x6 build_dungeon-game/Adafruit_ssd1306syp.o
                0x080126c8                Adafruit_ssd1306syp::display_on()
 .text._ZN19Adafruit_ssd1306syp11display_offEv
                0x080126ce        0x6 build_dungeon-game/Adafruit_ssd1306syp.o
                0x080126ce                Adafruit_ssd1306syp::display_off()
 .text._ZN19Adafruit_ssd1306syp17startDataSequenceEv
                0x080126d4       0x1c build_dungeon-game/Adafruit_ssd1306syp.o
                0x080126d4                Adafruit_ssd1306syp::startDataSequence()
 .text._ZN19Adafruit_ssd1306syp6updateEv
                0x080126f0       0x4e build_dungeon-game/Adafruit_ssd1306syp.o
                0x080126f0                Adafruit_ssd1306syp::update()
 .text._ZN19Adafruit_ssd1306syp9updateRowEi
                0x0801273e       0x6c build_dungeon-game/Adafruit_ssd1306syp.o
                0x0801273e                Adafruit_ssd1306syp::updateRow(int)
 .text.eeprom_read
                0x080127aa        0x4 build_dungeon-game/eeprom.o
                0x080127aa                eeprom_read
 .text.eeprom_write
                0x080127ae        0x4 build_dungeon-game/eeprom.o
                0x080127ae                eeprom_write
 .text.eeprom_erase
                0x080127b2        0x4 build_dungeon-game/eeprom.o
                0x080127b2                eeprom_erase
 .text._ZL19link_hal_write_byteh
                0x080127b6        0x2 build_dungeon-game/link_hal.o
 .text._ZL17link_hal_rev_byteh
                0x080127b8        0x4 build_dungeon-game/link_hal.o
 .text._Z23link_hal_reg_write_bytePFhhE
                0x080127bc       0x28 build_dungeon-game/link_hal.o
                0x080127bc                link_hal_reg_write_byte(unsigned char (*)(unsigned char))
 .text._Z21link_hal_reg_rev_bytePFhhE
                0x080127e4       0x28 build_dungeon-game/link_hal.o
                0x080127e4                link_hal_reg_rev_byte(unsigned char (*)(unsigned char))
 .text._ZL21fsm_link_state_handleP8ak_msg_t
                0x0801280c      0x284 build_dungeon-game/link.o
 .text._ZL19fsm_link_state_initP8ak_msg_t
                0x08012a90       0x80 build_dungeon-game/link.o
 .text._Z9task_linkP8ak_msg_t
                0x08012b10        0xc build_dungeon-game/link.o
                0x08012b10                task_link(ak_msg_t*)
 .text._Z23link_init_state_machinev
                0x08012b1c       0x2c build_dungeon-game/link.o
                0x08012b1c                link_init_state_machine()
 .text._ZL23link_mac_frame_send_reqv
                0x08012b48       0x3c build_dungeon-game/link_mac.o
 .text._ZL23link_mac_frame_send_endv
                0x08012b84       0x34 build_dungeon-game/link_mac.o
 .text._ZL28link_mac_frame_cals_checksumP16link_mac_frame_t.constprop.0
                0x08012bb8       0x38 build_dungeon-game/link_mac.o
 .text._Z25fsm_link_mac_state_handleP8ak_msg_t
                0x08012bf0      0x2b8 build_dungeon-game/link_mac.o
                0x08012bf0                fsm_link_mac_state_handle(ak_msg_t*)
 .text._Z13task_link_macP8ak_msg_t
                0x08012ea8        0xc build_dungeon-game/link_mac.o
                0x08012ea8                task_link_mac(ak_msg_t*)
 .text._Z23fsm_link_mac_state_initP8ak_msg_t
                0x08012eb4       0x88 build_dungeon-game/link_mac.o
                0x08012eb4                fsm_link_mac_state_init(ak_msg_t*)
 .text._ZL26link_phy_frame_write_blockPhm
                0x08012f3c       0x1c build_dungeon-game/link_phy.o
 .text._ZL20link_phy_frame_writeP16link_phy_frame_t
                0x08012f58       0x1c build_dungeon-game/link_phy.o
 .text._ZL28link_phy_frame_cals_checksumP16link_phy_frame_t
                0x08012f74       0x38 build_dungeon-game/link_phy.o
 .text._ZL25link_phy_frame_write_byteh
                0x08012fac        0xc build_dungeon-game/link_phy.o
 .text._ZL26ac_link_phy_frame_rev_byteh
                0x08012fb8       0xfc build_dungeon-game/link_phy.o
 .text._ZL19link_phy_frame_sendv
                0x080130b4       0x2c build_dungeon-game/link_phy.o
 .text._Z25fsm_link_phy_state_handleP8ak_msg_t
                0x080130e0      0x1f4 build_dungeon-game/link_phy.o
                0x080130e0                fsm_link_phy_state_handle(ak_msg_t*)
 .text._Z13task_link_phyP8ak_msg_t
                0x080132d4        0xc build_dungeon-game/link_phy.o
                0x080132d4                task_link_phy(ak_msg_t*)
 .text._Z23fsm_link_phy_state_initP8ak_msg_t
                0x080132e0       0x90 build_dungeon-game/link_phy.o
                0x080132e0                fsm_link_phy_state_init(ak_msg_t*)
 .text._Z26link_phy_get_send_frame_tov
                0x08013370       0x10 build_dungeon-game/link_phy.o
                0x08013370                link_phy_get_send_frame_to()
 .text._Z13link_pdu_initv
                0x08013380       0x54 build_dungeon-game/link_data.o
                0x08013380                link_pdu_init()
 .text._Z15link_pdu_mallocv
                0x080133d4       0x24 build_dungeon-game/link_data.o
                0x080133d4                link_pdu_malloc()
 .text._Z12link_pdu_getm
                0x080133f8       0x3c build_dungeon-game/link_data.o
                0x080133f8                link_pdu_get(unsigned long)
 .text._Z13link_pdu_freem
                0x08013434       0x4c build_dungeon-game/link_data.o
                0x08013434                link_pdu_free(unsigned long)
 .text._Z17link_get_src_addrv
                0x08013480       0x18 build_dungeon-game/link_data.o
                0x08013480                link_get_src_addr()
 .text._Z17link_get_des_addrv
                0x08013498       0x18 build_dungeon-game/link_data.o
                0x08013498                link_get_des_addr()
 .text._Z7pinModehh
                0x080134b0       0x84 build_dungeon-game/wiring_digital.o
                0x080134b0                pinMode(unsigned char, unsigned char)
 .text._Z12digitalWritehh
                0x08013534       0x78 build_dungeon-game/wiring_digital.o
                0x08013534                digitalWrite(unsigned char, unsigned char)
 .text._ZN5Print5writeEPKhj
                0x080135ac       0x22 build_dungeon-game/Print.o
                0x080135ac                Print::write(unsigned char const*, unsigned int)
 .text._ZN5Print5writeEPKc
                0x080135ce       0x20 build_dungeon-game/Print.o
                0x080135ce                Print::write(char const*)
 .text._ZN5Print5printEPKc
                0x080135ee        0x8 build_dungeon-game/Print.o
                0x080135ee                Print::print(char const*)
 .text._ZN5Print5printEc
                0x080135f6        0x6 build_dungeon-game/Print.o
                0x080135f6                Print::print(char)
 .text._ZN5Print11printNumberEmh
                0x080135fc       0x3a build_dungeon-game/Print.o
                0x080135fc                Print::printNumber(unsigned long, unsigned char)
 .text._ZN5Print5printEli.part.0
                0x08013636       0x28 build_dungeon-game/Print.o
 .text._ZN5Print5printEli
                0x0801365e       0x20 build_dungeon-game/Print.o
                0x0801365e                Print::print(long, int)
 .text._ZN5Print5printEii
                0x0801367e        0x4 build_dungeon-game/Print.o
                0x0801367e                Print::print(int, int)
 .text._ZN5Print5printEmi
                0x08013682       0x16 build_dungeon-game/Print.o
                0x08013682                Print::print(unsigned long, int)
 .text._ZN5Print5printEhi
                0x08013698        0x4 build_dungeon-game/Print.o
                0x08013698                Print::print(unsigned char, int)
 .text._ZN14HardwareSerial9availableEv
                0x0801369c        0xa build_dungeon-game/HardwareSerial.o
                0x0801369c                HardwareSerial::available()
 .text._ZN14HardwareSerial4peekEv
                0x080136a6       0x14 build_dungeon-game/HardwareSerial.o
                0x080136a6                HardwareSerial::peek()
 .text._ZN14HardwareSerial4readEv
                0x080136ba       0x20 build_dungeon-game/HardwareSerial.o
                0x080136ba                HardwareSerial::read()
 .text._ZN14HardwareSerial5flushEv
                0x080136da        0x2 build_dungeon-game/HardwareSerial.o
                0x080136da                HardwareSerial::flush()
 .text._ZN14HardwareSerial17availableForWriteEv
                0x080136dc       0x26 build_dungeon-game/HardwareSerial.o
                0x080136dc                HardwareSerial::availableForWrite()
 .text._ZN14HardwareSerial5writeEh
                0x08013702       0x30 build_dungeon-game/HardwareSerial.o
                0x08013702                HardwareSerial::write(unsigned char)
 *fill*         0x08013732        0x2 
 .text._ZL20serial2_trigger_putcv
                0x08013734       0x10 build_dungeon-game/HardwareSerial2.o
 .text.startup._GLOBAL__sub_I_Serial2
                0x08013744       0x34 build_dungeon-game/HardwareSerial2.o
 .text._ZN8SPIClass9io_configEv
                0x08013778       0x68 build_dungeon-game/SPI.o
                0x08013778                SPIClass::io_config()
 .text._ZN8SPIClass5beginEv
                0x080137e0       0xd4 build_dungeon-game/SPI.o
                0x080137e0                SPIClass::begin()
 .text.startup._GLOBAL__sub_I__ZN8SPIClassC2Ev
                0x080138b4       0x14 build_dungeon-game/SPI.o
 .text._ZN7TwoWire9availableEv
                0x080138c8       0x14 build_dungeon-game/Wire.o
                0x080138c8                TwoWire::available()
 .text._ZN7TwoWire4readEv
                0x080138dc       0x28 build_dungeon-game/Wire.o
                0x080138dc                TwoWire::read()
 .text._ZN7TwoWire4peekEv
                0x08013904       0x24 build_dungeon-game/Wire.o
                0x08013904                TwoWire::peek()
 .text._ZN7TwoWire5flushEv
                0x08013928        0x2 build_dungeon-game/Wire.o
                0x08013928                TwoWire::flush()
 *fill*         0x0801392a        0x2 
 .text._ZN7TwoWire5writeEh
                0x0801392c       0x54 build_dungeon-game/Wire.o
                0x0801392c                TwoWire::write(unsigned char)
 .text._ZN7TwoWire5writeEPKhj
                0x08013980       0x34 build_dungeon-game/Wire.o
                0x08013980                TwoWire::write(unsigned char const*, unsigned int)
 .text.startup._GLOBAL__sub_I__ZN7TwoWire8rxBufferE
                0x080139b4       0x1c build_dungeon-game/Wire.o
 .text._Z12twi_transmitPKhh
                0x080139d0       0x48 build_dungeon-game/twi.o
                0x080139d0                twi_transmit(unsigned char const*, unsigned char)
 .text.__cxa_pure_virtual
                0x08013a18       0x1c build_dungeon-game/mini_cpp.o
                0x08013a18                __cxa_pure_virtual
 .text._Znwj    0x08013a34        0x4 build_dungeon-game/mini_cpp.o
                0x08013a34                operator new(unsigned int)
 .text._ZdlPv   0x08013a38        0x4 build_dungeon-game/mini_cpp.o
                0x08013a38                operator delete(void*)
 .text._sbrk    0x08013a3c       0x1c build_dungeon-game/mini_cpp.o
                0x08013a3c                _sbrk
 .text.unlikely._ZSt20__throw_length_errorPKc
                0x08013a58        0x6 /usr/lib/gcc/arm-none-eabi/13.2.1/../../../arm-none-eabi/lib/thumb/v7-m/nofp/libstdc++_nano.a(functexcept.o)
                0x08013a58                std::__throw_length_error(char const*)
 *(.rodata)
 *fill*         0x08013a5e        0x2 
 .rodata        0x08013a60      0x101 /usr/lib/gcc/arm-none-eabi/13.2.1/../../../arm-none-eabi/lib/thumb/v7-m/nofp/libc.a(libc_a-ctype_.o)
                0x08013a60                _ctype_
 *fill*         0x08013b61        0x7 
 .rodata        0x08013b68      0x128 /usr/lib/gcc/arm-none-eabi/13.2.1/../../../arm-none-eabi/lib/thumb/v7-m/nofp/libc.a(libc_a-mprec.o)
                0x08013b78                __mprec_tens
                0x08013c40                __mprec_tinytens
                0x08013c68                __mprec_bigtens
 .rodata        0x08013c90       0x20 /usr/lib/gcc/arm-none-eabi/13.2.1/../../../arm-none-eabi/lib/thumb/v7-m/nofp/libc.a(libc_a-svfprintf.o)
 .rodata        0x08013cb0       0x20 /usr/lib/gcc/arm-none-eabi/13.2.1/../../../arm-none-eabi/lib/thumb/v7-m/nofp/libc.a(libc_a-vfiprintf.o)
 .rodata        0x08013cd0       0x40 /usr/lib/gcc/arm-none-eabi/13.2.1/../../../arm-none-eabi/lib/thumb/v7-m/nofp/libm.a(libm_a-s_atan.o)
 *(.rodata*)
 .rodata.task_create.str1.1
                0x08013d10     0x18e0 build_dungeon-game/task.o
                                  0x3 (size before relaxing)
 .rodata.task_run.str1.1
                0x080155f0       0x25 build_dungeon-game/task.o
 .rodata.timer_set.str1.1
                0x080155f0        0x3 build_dungeon-game/timer.o
 .rodata.msg_force_free.str1.1
                0x080155f0        0x3 build_dungeon-game/message.o
 .rodata.ak_malloc.str1.1
                0x080155f0        0xa build_dungeon-game/message.o
 .rodata.fifo_put.str1.1
                0x080155f0        0x5 build_dungeon-game/fifo.o
 .rodata.xvfprintf.str1.1
                0x080155f0        0xc build_dungeon-game/xprintf.o
 .rodata.sys_dbg_cpu_dump.str1.1
                0x080155f0       0x5f build_dungeon-game/sys_dbg.o
 .rodata.sys_dbg_stack_space_dump.str1.1
                0x080155f0       0x2f build_dungeon-game/sys_dbg.o
 .rodata.sys_dbg_fatal.str1.1
                0x080155f0      0x261 build_dungeon-game/sys_dbg.o
 .rodata.APBAHBPrescTable
                0x080155f0       0x10 build_dungeon-game/stm32l1xx_rcc.o
 .rodata.PLLMulTable
                0x08015600        0x9 build_dungeon-game/stm32l1xx_rcc.o
 .rodata.exit_critical.str1.1
                0x08015609        0x4 build_dungeon-game/platform.o
 .rodata.default_handler.str1.1
                0x08015609        0x3 build_dungeon-game/system.o
 .rodata.sys_cfg_update_info.str1.1
                0x08015609       0x64 build_dungeon-game/sys_cfg.o
 .rodata.sys_ctrl_soft_watchdog_increase_counter.str1.1
                0x08015609        0x5 build_dungeon-game/sys_cfg.o
 .rodata.flash_transfer.str1.1
                0x08015609        0x4 build_dungeon-game/io_cfg.o
 .rodata.AHBPrescTable
                0x08015609       0x10 build_dungeon-game/system_stm32l1xx.o
                0x08015609                AHBPrescTable
 .rodata.PLLMulTable
                0x08015619        0x9 build_dungeon-game/system_stm32l1xx.o
                0x08015619                PLLMulTable
 .rodata._Z22dungeon_control_handleP8ak_msg_t.str1.1
                0x08015622       0xb1 build_dungeon-game/dungeon_control.o
 .rodata._Z21dungeon_action_handleP8ak_msg_t.str1.1
                0x08015622       0x7e build_dungeon-game/dungeon_action.o
 .rodata._ZL11tones_3beep
                0x08015622       0x18 build_dungeon-game/dungeon_action.o
 .rodata._Z21dungeon_effect_handleP8ak_msg_t.str1.1
                0x0801563a       0x64 build_dungeon-game/dungeon_effect.o
 .rodata._Z19dungeon_lane_handleP8ak_msg_t.str1.1
                0x0801563a       0x88 build_dungeon-game/dungeon_lane.o
 .rodata._Z20dungeon_state_handleP8ak_msg_t.str1.1
                0x0801563a       0x5e build_dungeon-game/dungeon_state.o
 .rodata._ZNSt6vectorI4ballSaIS0_EE17_M_realloc_insertIJRKS0_EEEvN9__gnu_cxx17__normal_iteratorIPS0_S2_EEDpOT_.str1.1
                0x0801563a       0x1a build_dungeon-game/scr_idle.o
 .rodata._Z15scr_idle_handleP8ak_msg_t.str1.1
                0x0801563a       0x8b build_dungeon-game/scr_idle.o
 .rodata._ZL11tones_3beep
                0x0801563a       0x18 build_dungeon-game/scr_idle.o
 .rodata._ZL16view_scr_startupv.str1.1
                0x08015652       0x49 build_dungeon-game/scr_startup.o
 .rodata._Z18scr_startup_handleP8ak_msg_t.str1.1
                0x08015652       0x60 build_dungeon-game/scr_startup.o
 .rodata._ZL13tones_startup
                0x08015652       0x28 build_dungeon-game/scr_startup.o
 .rodata._Z20scr_menu_game_handleP8ak_msg_t.str1.1
                0x0801567a       0x8b build_dungeon-game/scr_menu_game.o
 *fill*         0x0801567a        0x2 
 .rodata._ZL15menu_items_icon
                0x0801567c       0x18 build_dungeon-game/scr_menu_game.o
 .rodata._ZL8tones_cc
                0x08015694        0x8 build_dungeon-game/scr_menu_game.o
 .rodata._Z23scr_game_setting_handleP8ak_msg_t.str1.1
                0x0801569c       0xe1 build_dungeon-game/scr_game_setting.o
 .rodata._ZL21view_scr_game_settingv.str1.1
                0x0801569c       0x40 build_dungeon-game/scr_game_setting.o
 .rodata._ZL13tones_startup
                0x0801569c       0x28 build_dungeon-game/scr_game_setting.o
 .rodata._ZL8tones_cc
                0x080156c4        0x8 build_dungeon-game/scr_game_setting.o
 .rodata._ZL29dungeon_load_message_defaultsv.str1.1
                0x080156cc       0x23 build_dungeon-game/scr_dungeon_game.o
 .rodata._ZL19dungeon_set_messagePKcS0_S0_h.str1.1
                0x080156cc        0x4 build_dungeon-game/scr_dungeon_game.o
 .rodata._ZL24dungeon_after_battle_winv.str1.1
                0x080156cc       0x5f build_dungeon-game/scr_dungeon_game.o
 .rodata._Z22dungeon_confirm_actionv.str1.1
                0x080156cc       0xa3 build_dungeon-game/scr_dungeon_game.o
 .rodata._Z12dungeon_tickv.str1.1
                0x080156cc       0x27 build_dungeon-game/scr_dungeon_game.o
 .rodata._ZL23dungeon_draw_stats_linev.str1.1
                0x080156cc        0xd build_dungeon-game/scr_dungeon_game.o
 .rodata._ZL21view_scr_dungeon_gamev.str1.1
                0x080156cc       0xc0 build_dungeon-game/scr_dungeon_game.o
 .rodata._Z23scr_dungeon_game_handleP8ak_msg_t.str1.1
                0x080156cc       0xad build_dungeon-game/scr_dungeon_game.o
 .rodata.str1.1
                0x080156cc       0x73 build_dungeon-game/scr_dungeon_game.o
 .rodata._ZL17dungeon_item_name
                0x080156cc       0x1c build_dungeon-game/scr_dungeon_game.o
 .rodata._ZL19dungeon_action_name
                0x080156e8       0x14 build_dungeon-game/scr_dungeon_game.o
 .rodata._ZL20dungeon_monster_name
                0x080156fc       0x18 build_dungeon-game/scr_dungeon_game.o
 .rodata._ZL21dungeon_monster_table
                0x08015714       0x28 build_dungeon-game/scr_dungeon_game.o
 .rodata._ZL20dungeon_stage_counts
                0x0801573c        0x5 build_dungeon-game/scr_dungeon_game.o
 *fill*         0x08015741        0x1 
 .rodata._ZL11tones_3beep
                0x08015742       0x18 build_dungeon-game/scr_dungeon_game.o
 .rodata._ZL13tones_startup
                0x0801575a       0x28 build_dungeon-game/scr_dungeon_game.o
 .rodata._ZL8tones_cc
                0x08015782        0x8 build_dungeon-game/scr_dungeon_game.o
 .rodata._ZL28view_scr_dungeon_how_to_playv.str1.1
                0x0801578a       0x77 build_dungeon-game/scr_dungeon_how_to_play.o
 .rodata._Z30scr_dungeon_how_to_play_handleP8ak_msg_t.str1.1
                0x0801578a       0x8b build_dungeon-game/scr_dungeon_how_to_play.o
 .rodata._ZL8tones_cc
                0x0801578a        0x8 build_dungeon-game/scr_dungeon_how_to_play.o
 .rodata._ZL18view_scr_game_overv.str1.1
                0x08015792       0x24 build_dungeon-game/scr_game_over.o
 .rodata._Z20scr_game_over_handleP8ak_msg_t.str1.1
                0x08015792       0x8b build_dungeon-game/scr_game_over.o
 .rodata._ZL8tones_cc
                0x08015792        0x8 build_dungeon-game/scr_game_over.o
 .rodata._ZL20view_scr_leaderboardv.str1.1
                0x0801579a       0x37 build_dungeon-game/scr_leaderboard.o
 .rodata._Z22scr_leaderboard_handleP8ak_msg_t.str1.1
                0x0801579a       0x15 build_dungeon-game/scr_leaderboard.o
 .rodata._ZL8tones_cc
                0x0801579a        0x8 build_dungeon-game/scr_leaderboard.o
 .rodata._ZL20view_scr_charts_gamev.str1.1
                0x080157a2       0x3d build_dungeon-game/scr_charts_game.o
 .rodata._Z22scr_charts_game_handleP8ak_msg_t.str1.1
                0x080157a2       0x8b build_dungeon-game/scr_charts_game.o
 .rodata._ZL25dungeon_level_stage_count
                0x080157a2        0x5 build_dungeon-game/scr_charts_game.o
 .rodata.str1.1
                0x080157a7       0x11 build_dungeon-game/scr_charts_game.o
 *fill*         0x080157a7        0x1 
 .rodata._ZL23dungeon_level_mode_name
                0x080157a8       0x14 build_dungeon-game/scr_charts_game.o
 .rodata._ZL8tones_cc
                0x080157bc        0x8 build_dungeon-game/scr_charts_game.o
 .rodata.item_trap
                0x080157c4       0x28 build_dungeon-game/screens_bitmap.o
                0x080157c4                item_trap
 .rodata.item_bomb
                0x080157ec       0x4b build_dungeon-game/screens_bitmap.o
                0x080157ec                item_bomb
 .rodata.item_shrine