sources/platform/stm32l/io_cfg.c:27:6:io_button_mode_init	16	static
sources/platform/stm32l/io_cfg.c:40:6:io_button_up_init	16	static
sources/platform/stm32l/io_cfg.c:53:6:io_button_down_init	16	static
sources/platform/stm32l/io_cfg.c:66:9:io_button_mode_read	0	static
sources/platform/stm32l/io_cfg.c:70:9:io_button_up_read	0	static
sources/platform/stm32l/io_cfg.c:74:9:io_button_down_read	0	static
sources/platform/stm32l/io_cfg.c:81:6:led_life_init	16	static
sources/platform/stm32l/io_cfg.c:94:6:led_life_on	0	static
sources/platform/stm32l/io_cfg.c:98:6:led_life_off	0	static
sources/platform/stm32l/io_cfg.c:105:6:flash_io_ctrl_init	16	static
sources/platform/stm32l/io_cfg.c:118:6:flash_cs_low	0	static
sources/platform/stm32l/io_cfg.c:122:6:flash_cs_high	0	static
sources/platform/stm32l/io_cfg.c:126:9:flash_transfer	24	static
sources/platform/stm32l/io_cfg.c:160:6:io_cfg_adc1	32	static
sources/platform/stm32l/io_cfg.c:176:6:adc_bat_io_cfg	16	static
sources/platform/stm32l/io_cfg.c:186:10:adc_bat_io_read	8	static
sources/platform/stm32l/io_cfg.c:195:10:sys_ctr_get_vbat_voltage	16	static
sources/platform/stm32l/io_cfg.c:217:10:sys_ctr_get_mcu_temperature	8	static
sources/platform/stm32l/io_cfg.c:244:6:ssd1306_clk_input_mode	16	static
sources/platform/stm32l/io_cfg.c:256:6:ssd1306_clk_output_mode	16	static
sources/platform/stm32l/io_cfg.c:269:6:ssd1306_clk_digital_write_low	0	static
sources/platform/stm32l/io_cfg.c:273:6:ssd1306_clk_digital_write_high	0	static
sources/platform/stm32l/io_cfg.c:277:5:ssd1306_clk_digital_read	8	static
sources/platform/stm32l/io_cfg.c:281:6:ssd1306_data_input_mode	16	static
sources/platform/stm32l/io_cfg.c:293:6:ssd1306_data_output_mode	16	static
sources/platform/stm32l/io_cfg.c:304:6:ssd1306_data_digital_write_low	0	static
sources/platform/stm32l/io_cfg.c:308:6:ssd1306_data_digital_write_high	0	static
sources/platform/stm32l/io_cfg.c:312:5:ssd1306_data_digital_read	8	static
sources/platform/stm32l/io_cfg.c:317:6:ssd1306_res_input_mode	16	static
sources/platform/stm32l/io_cfg.c:329:6:ssd1306_res_output_mode	16	static
sources/platform/stm32l/io_cfg.c:340:6:ssd1306_res_digital_write_low	0	static
sources/platform/stm32l/io_cfg.c:344:6:ssd1306_res_digital_write_high	0	static
sources/platform/stm32l/io_cfg.c:348:5:ssd1306_res_digital_read	8	static
sources/platform/stm32l/io_cfg.c:357:9:io_eeprom_read	16	static
sources/platform/stm32l/io_cfg.c:373:9:io_eeprom_write	24	static
sources/platform/stm32l/io_cfg.c:403:9:io_eeprom_erase	16	static
sources/platform/stm32l/io_cfg.c:436:6:internal_flash_unlock	8	static
sources/platform/stm32l/io_cfg.c:442:6:internal_flash_lock	0	static
sources/platform/stm32l/io_cfg.c:446:6:internal_flash_erase_pages_cal	16	static
sources/platform/stm32l/io_cfg.c:461:9:internal_flash_write_cal	32	static
sources/platform/stm32l/io_cfg.c:485:6:io_uart2_cfg	48	static
sources/platform/stm32l/io_cfg.c:537:6:io_uart2_putc	8	static
sources/platform/stm32l/io_cfg.c:548:9:io_uart2_getc	16	static
sources/platform/stm32l/io_cfg.c:560:6:io_uart_rs485_cfg	24	static
sources/platform/stm32l/io_cfg.c:599:6:io_rs485_dir_mode_output	16	static
sources/platform/stm32l/io_cfg.c:610:6:io_rs485_dir_low	0	static
sources/platform/stm32l/io_cfg.c:614:6:io_rs485_dir_high	0	static
