sources/networks/net/link/link_data.cpp:24:6:void link_pdu_init()	8	static
sources/networks/net/link/link_data.cpp:42:13:link_pdu_t* link_pdu_malloc()	8	static
sources/networks/net/link/link_data.cpp:59:6:void link_pdu_free(link_pdu_t*)	8	static
sources/networks/net/link/link_data.cpp:75:13:link_pdu_t* link_pdu_get(uint32_t)	16	static
sources/networks/net/link/link_data.cpp:90:6:void link_pdu_free(uint32_t)	8	static
sources/networks/net/link/link_data.cpp:105:6:void link_set_src_addr(uint32_t)	8	static
sources/networks/net/link/link_data.cpp:112:10:uint32_t link_get_src_addr()	8	static
sources/networks/net/link/link_data.cpp:120:6:void link_set_des_addr(uint32_t)	8	static
sources/networks/net/link/link_data.cpp:127:10:uint32_t link_get_des_addr()	8	static
