sources/platform/stm32l/arduino/cores/Print.cpp:33:8:virtual size_t Print::write(const uint8_t*, size_t)	24	static
sources/platform/stm32l/arduino/cores/Print.h:54:12:size_t Print::write(const char*)	16	static
sources/platform/stm32l/arduino/cores/Print.cpp:42:8:size_t Print::print(const char*)	8	static
sources/platform/stm32l/arduino/cores/Print.cpp:47:8:size_t Print::print(char)	0	static
sources/platform/stm32l/arduino/cores/Print.cpp:94:8:size_t Print::print(const Printable&)	0	static
sources/platform/stm32l/arduino/cores/Print.cpp:99:8:size_t Print::println()	16	static
sources/platform/stm32l/arduino/cores/Print.cpp:107:8:size_t Print::println(const char*)	16	static
sources/platform/stm32l/arduino/cores/Print.cpp:114:8:size_t Print::println(char)	16	static
sources/platform/stm32l/arduino/cores/Print.cpp:163:8:size_t Print::println(const Printable&)	16	static
sources/platform/stm32l/arduino/cores/Print.cpp:172:8:size_t Print::printNumber(long unsigned int, uint8_t)	56	static
sources/platform/stm32l/arduino/cores/Print.cpp:67:8:size_t Print::print(long int, int)	16	static
sources/platform/stm32l/arduino/cores/Print.cpp:67:8:size_t Print::print(long int, int)	4	static
sources/platform/stm32l/arduino/cores/Print.cpp:57:8:size_t Print::print(int, int)	0	static
sources/platform/stm32l/arduino/cores/Print.cpp:128:8:size_t Print::println(int, int)	16	static
sources/platform/stm32l/arduino/cores/Print.cpp:142:8:size_t Print::println(long int, int)	16	static
sources/platform/stm32l/arduino/cores/Print.cpp:83:8:size_t Print::print(long unsigned int, int)	4	static
sources/platform/stm32l/arduino/cores/Print.cpp:52:8:size_t Print::print(unsigned char, int)	0	static
sources/platform/stm32l/arduino/cores/Print.cpp:121:8:size_t Print::println(unsigned char, int)	16	static
sources/platform/stm32l/arduino/cores/Print.cpp:62:8:size_t Print::print(unsigned int, int)	0	static
sources/platform/stm32l/arduino/cores/Print.cpp:135:8:size_t Print::println(unsigned int, int)	16	static
sources/platform/stm32l/arduino/cores/Print.cpp:149:8:size_t Print::println(long unsigned int, int)	16	static
sources/platform/stm32l/arduino/cores/Print.cpp:191:8:size_t Print::printFloat(double, uint8_t)	40	static
sources/platform/stm32l/arduino/cores/Print.cpp:89:8:size_t Print::print(double, int)	0	static
sources/platform/stm32l/arduino/cores/Print.cpp:156:8:size_t Print::println(double, int)	24	static
