sources/app/screens/scr_dungeon_game.cpp:242:13:void dungeon_register_player_damage(int16_t)	0	static
sources/app/screens/scr_dungeon_game.cpp:259:13:void dungeon_register_monster_damage(int16_t)	0	static
sources/app/screens/scr_dungeon_game.cpp:361:25:dungeon_bitmap_t dungeon_monster_bitmap(uint8_t)	0	static
sources/app/screens/scr_dungeon_game.cpp:505:13:void dungeon_clear_save()	64	static
sources/app/screens/scr_dungeon_game.cpp:342:13:void ar_game_save_and_reset_score()	8	static
sources/app/screens/scr_dungeon_game.cpp:435:13:void dungeon_load_message_defaults()	8	static
sources/app/screens/scr_dungeon_game.cpp:586:13:void dungeon_set_message(const char*, const char*, const char*, uint8_t)	16	static
sources/app/screens/scr_dungeon_game.cpp:349:13:void bw_reset_objects()	8	static
sources/app/screens/scr_dungeon_game.cpp:463:13:void dungeon_save_progress()	80	static
sources/app/screens/scr_dungeon_game.cpp:645:13:void dungeon_prepare_stage()	8	static
sources/app/screens/scr_dungeon_game.cpp:421:13:void dungeon_init_player(uint8_t)	16	static
sources/app/screens/scr_dungeon_game.cpp:841:13:void dungeon_after_battle_win()	8	static
sources/app/screens/scr_dungeon_game.cpp:870:13:void dungeon_finish_game(uint8_t)	8	static
sources/app/screens/scr_dungeon_game.cpp:511:9:uint8_t dungeon_has_save_data()	64	static
sources/app/screens/scr_dungeon_game.cpp:562:6:void dungeon_prepare_continue()	0	static
sources/app/screens/scr_dungeon_game.cpp:566:6:void dungeon_prepare_new_game()	0	static
sources/app/screens/scr_dungeon_game.cpp:572:6:void dungeon_prepare_level(uint8_t)	0	static
sources/app/screens/scr_dungeon_game.cpp:577:6:void dungeon_prepare_creator_mode(uint8_t)	0	static
sources/app/screens/scr_dungeon_game.cpp:582:9:uint8_t dungeon_is_creator_mode()	0	static
sources/app/screens/scr_dungeon_game.cpp:892:6:void dungeon_move_selection(int8_t)	0	static
sources/app/screens/scr_dungeon_game.cpp:919:6:void dungeon_confirm_action()	16	static
sources/app/screens/scr_dungeon_game.cpp:1029:6:void dungeon_tick()	40	static
sources/app/screens/scr_dungeon_game.cpp:1134:6:void dungeon_setup_session()	80	static
sources/app/screens/scr_dungeon_game.cpp:1157:6:void dungeon_reset_session()	8	static
sources/app/screens/scr_dungeon_game.cpp:1162:9:uint8_t dungeon_get_current_stage()	0	static
sources/app/screens/scr_dungeon_game.cpp:1166:9:uint8_t dungeon_get_total_stages()	0	static
sources/app/screens/scr_dungeon_game.cpp:1170:9:uint8_t dungeon_get_level_value()	0	static
sources/app/screens/scr_dungeon_game.cpp:1174:10:uint32_t dungeon_get_score_value()	0	static
sources/app/screens/scr_dungeon_game.cpp:1178:13:void dungeon_draw_stats_line()	16	static
sources/app/screens/scr_dungeon_game.cpp:1506:13:void view_scr_dungeon_game()	96	static
sources/app/screens/scr_dungeon_game.cpp:1544:6:void scr_dungeon_game_handle(ak_msg_t*)	8	static
