sources/app/screens/scr_dungeon_game.cpp:406:13:void dungeon_clear_save()	64	static
sources/app/screens/scr_dungeon_game.cpp:243:13:void ar_game_save_and_reset_score()	8	static
sources/app/screens/scr_dungeon_game.cpp:336:13:void dungeon_load_message_defaults()	8	static
sources/app/screens/scr_dungeon_game.cpp:487:13:void dungeon_set_message(const char*, const char*, const char*, uint8_t)	16	static
sources/app/screens/scr_dungeon_game.cpp:250:13:void bw_reset_objects()	8	static
sources/app/screens/scr_dungeon_game.cpp:364:13:void dungeon_save_progress()	80	static
sources/app/screens/scr_dungeon_game.cpp:580:13:void dungeon_start_battle()	0	static
sources/app/screens/scr_dungeon_game.cpp:543:13:void dungeon_prepare_stage()	8	static
sources/app/screens/scr_dungeon_game.cpp:322:13:void dungeon_init_player(uint8_t)	16	static
sources/app/screens/scr_dungeon_game.cpp:719:13:void dungeon_after_battle_win()	8	static
sources/app/screens/scr_dungeon_game.cpp:748:13:void dungeon_finish_game(uint8_t)	8	static
sources/app/screens/scr_dungeon_game.cpp:412:9:uint8_t dungeon_has_save_data()	64	static
sources/app/screens/scr_dungeon_game.cpp:463:6:void dungeon_prepare_continue()	0	static
sources/app/screens/scr_dungeon_game.cpp:467:6:void dungeon_prepare_new_game()	0	static
sources/app/screens/scr_dungeon_game.cpp:473:6:void dungeon_prepare_level(uint8_t)	0	static
sources/app/screens/scr_dungeon_game.cpp:478:6:void dungeon_prepare_creator_mode(uint8_t)	0	static
sources/app/screens/scr_dungeon_game.cpp:483:9:uint8_t dungeon_is_creator_mode()	0	static
sources/app/screens/scr_dungeon_game.cpp:770:6:void dungeon_move_selection(int8_t)	0	static
sources/app/screens/scr_dungeon_game.cpp:797:6:void dungeon_confirm_action()	16	static
sources/app/screens/scr_dungeon_game.cpp:900:6:void dungeon_tick()	40	static
sources/app/screens/scr_dungeon_game.cpp:960:6:void dungeon_setup_session()	80	static
sources/app/screens/scr_dungeon_game.cpp:983:6:void dungeon_reset_session()	8	static
sources/app/screens/scr_dungeon_game.cpp:988:9:uint8_t dungeon_get_current_stage()	0	static
sources/app/screens/scr_dungeon_game.cpp:992:9:uint8_t dungeon_get_total_stages()	0	static
sources/app/screens/scr_dungeon_game.cpp:996:9:uint8_t dungeon_get_level_value()	0	static
sources/app/screens/scr_dungeon_game.cpp:1000:10:uint32_t dungeon_get_score_value()	0	static
sources/app/screens/scr_dungeon_game.cpp:1004:13:void dungeon_draw_stats_line()	16	static
sources/app/screens/scr_dungeon_game.cpp:1252:13:void view_scr_dungeon_game()	88	static
sources/app/screens/scr_dungeon_game.cpp:1290:6:void scr_dungeon_game_handle(ak_msg_t*)	8	static
