sources/app/shell.cpp:124:7:char* str_parser_get_attr(uint8_t)	0	static
sources/app/shell.cpp:135:9:int32_t shell_reset(uint8_t*)	8	static
sources/app/shell.cpp:141:9:int32_t shell_help(uint8_t*)	16	static
sources/app/shell.cpp:155:9:int32_t shell_reboot(uint8_t*)	8	static
sources/app/shell.cpp:98:9:uint8_t str_parser(char*)	24	static
sources/app/shell.cpp:162:9:int32_t shell_fatal(uint8_t*)	128	static
sources/app/shell.cpp:375:9:int32_t shell_flash(uint8_t*)	32	static
sources/app/shell.cpp:322:9:int32_t shell_eps(uint8_t*)	24	static
sources/app/shell.cpp:564:9:int32_t shell_ram(uint8_t*)	24	static
sources/app/shell.cpp:713:9:int32_t shell_boot(uint8_t*)	104	static
sources/app/shell.cpp:779:9:int32_t shell_buzzer(uint8_t*)	8	static
sources/app/shell.cpp:529:9:int32_t shell_dbg(uint8_t*)	8	static
sources/app/shell.cpp:448:9:int32_t shell_lcd(uint8_t*)	8	static
