sources/platform/stm32l/Libraries/STM32L1xx_StdPeriph_Driver/src/stm32l1xx_comp.c:116:6:COMP_DeInit	0	static
sources/platform/stm32l/Libraries/STM32L1xx_StdPeriph_Driver/src/stm32l1xx_comp.c:131:6:COMP_Init	8	static
sources/platform/stm32l/Libraries/STM32L1xx_StdPeriph_Driver/src/stm32l1xx_comp.c:172:6:COMP_Cmd	0	static
sources/platform/stm32l/Libraries/STM32L1xx_StdPeriph_Driver/src/stm32l1xx_comp.c:204:9:COMP_GetOutputLevel	0	static
sources/platform/stm32l/Libraries/STM32L1xx_StdPeriph_Driver/src/stm32l1xx_comp.c:255:6:COMP_SW1SwitchConfig	0	static
sources/platform/stm32l/Libraries/STM32L1xx_StdPeriph_Driver/src/stm32l1xx_comp.c:302:6:COMP_WindowCmd	0	static
sources/platform/stm32l/Libraries/STM32L1xx_StdPeriph_Driver/src/stm32l1xx_comp.c:345:6:COMP_VrefintOutputCmd	0	static
