sources/platform/stm32l/system.c:208:6:default_handler	8	static
sources/platform/stm32l/system.c:298:6:nmi_handler	8	static
sources/platform/stm32l/system.c:302:6:hard_fault_handler	8	static
sources/platform/stm32l/system.c:306:6:mem_manage_handler	8	static
sources/platform/stm32l/system.c:310:6:bus_fault_handler	8	static
sources/platform/stm32l/system.c:314:6:usage_fault_handler	8	static
sources/platform/stm32l/system.c:321:6:systick_handler	8	static
sources/platform/stm32l/system.c:376:6:uart1_irq	8	static
sources/platform/stm32l/system.c:403:6:exti_line1_irq	8	static
sources/platform/stm32l/system.c:433:6:timer7_irq	8	static
sources/platform/stm32l/system.c:165:1:sys_ctrl_delay	0	static
sources/platform/stm32l/system.c:175:10:sys_ctrl_micros	8	static
sources/platform/stm32l/system.c:189:10:sys_ctrl_millis	16	static
sources/platform/stm32l/system.c:197:6:_init	0	static
sources/platform/stm32l/system.c:201:6:_fini	0	static
sources/platform/stm32l/system.c:268:10:sys_stack_count_init	16	static
sources/platform/stm32l/system.c:212:6:reset_handler	16	static
sources/platform/stm32l/system.c:283:10:sys_stack_usage	0	static
sources/platform/stm32l/system.c:291:10:sys_stack_get_size	0	static
sources/platform/stm32l/system.c:349:6:svc_exe	16	static
sources/platform/stm32l/system.c:397:6:uart2_irq	8	static
sources/platform/stm32l/system.c:413:6:exti_line15_irq	8	static
sources/platform/stm32l/system.c:423:6:timer6_irq	8	static
sources/platform/stm32l/system.c:440:6:timer4_irq	8	static
