sources/common/view_render.cpp:81:5:int view_render_dynamic(void*)	8	static
sources/common/view_render.cpp:116:6:void view_render_display_on()	0	static
sources/common/view_render.cpp:120:6:void view_render_display_off()	0	static
sources/common/view_render.cpp:122:1:cpp)	0	static
sources/common/view_render.cpp:122:1:cpp)	0	static
sources/common/view_render.cpp:14:6:void view_render_init()	0	static
sources/common/view_render.cpp:86:5:int view_render_screen(view_screen_t*)	16	static
sources/common/view_render.cpp:19:5:int view_render_rectangle(void*)	32	static
